Archive member included to satisfy reference by file (symbol)

/opt/devkitpro/libctru/lib/libctru.a(linear.o)
                              main.o (linearAlloc)
/opt/devkitpro/libctru/lib/libctru.a(mem_pool.o)
                              /opt/devkitpro/libctru/lib/libctru.a(linear.o) (MemPool::Allocate(MemChunk&, unsigned long, int))
/opt/devkitpro/libctru/lib/libctru.a(romfs_dev.o)
                              main.o (romfsMountSelf)
/opt/devkitpro/libctru/lib/libctru.a(console.o)
                              main.o (consoleInit)
/opt/devkitpro/libctru/lib/libctru.a(path_buf.o)
                              /opt/devkitpro/libctru/lib/libctru.a(romfs_dev.o) (__ctru_dev_utf16_buf)
/opt/devkitpro/libctru/lib/libctru.a(gfx.o)
                              /opt/devkitpro/libctru/lib/libctru.a(console.o) (gfxIsWide)
/opt/devkitpro/libctru/lib/libctru.a(dsp.o)
                              main.o (DSP_FlushDataCache)
/opt/devkitpro/libctru/lib/libctru.a(gspgpu.o)
                              /opt/devkitpro/libctru/lib/libctru.a(gfx.o) (gspInit)
/opt/devkitpro/libctru/lib/libctru.a(apt.o)
                              main.o (aptMainLoop)
/opt/devkitpro/libctru/lib/libctru.a(hid.o)
                              main.o (hidScanInput)
/opt/devkitpro/libctru/lib/libctru.a(fs.o)
                              main.o (fsInit)
/opt/devkitpro/libctru/lib/libctru.a(rbtree_init.o)
                              /opt/devkitpro/libctru/lib/libctru.a(linear.o) (rbtree_init)
/opt/devkitpro/libctru/lib/libctru.a(rbtree_insert.o)
                              /opt/devkitpro/libctru/lib/libctru.a(linear.o) (rbtree_insert)
/opt/devkitpro/libctru/lib/libctru.a(rbtree_rotate.o)
                              /opt/devkitpro/libctru/lib/libctru.a(rbtree_insert.o) (rbtree_rotate)
/opt/devkitpro/libctru/lib/libctru.a(rbtree_remove.o)
                              /opt/devkitpro/libctru/lib/libctru.a(linear.o) (rbtree_remove)
/opt/devkitpro/libctru/lib/libctru.a(rbtree_find.o)
                              /opt/devkitpro/libctru/lib/libctru.a(linear.o) (rbtree_find)
/opt/devkitpro/libctru/lib/libctru.a(utf16_to_utf8.o)
                              /opt/devkitpro/libctru/lib/libctru.a(romfs_dev.o) (utf16_to_utf8)
/opt/devkitpro/libctru/lib/libctru.a(decode_utf16.o)
                              /opt/devkitpro/libctru/lib/libctru.a(utf16_to_utf8.o) (decode_utf16)
/opt/devkitpro/libctru/lib/libctru.a(utf8_to_utf16.o)
                              /opt/devkitpro/libctru/lib/libctru.a(romfs_dev.o) (utf8_to_utf16)
/opt/devkitpro/libctru/lib/libctru.a(allocateHeaps.o)
                              /opt/devkitpro/libctru/lib/libctru.a(linear.o) (__ctru_linear_heap_size)
/opt/devkitpro/libctru/lib/libctru.a(ctru_init.o)
                              /opt/devkitpro/libctru/lib/libctru.a(apt.o) (__system_retAddr)
/opt/devkitpro/libctru/lib/libctru.a(initArgv.o)
                              /opt/devkitpro/libctru/lib/libctru.a(ctru_init.o) (__system_initArgv)
/opt/devkitpro/libctru/lib/libctru.a(svc.o)
                              /opt/devkitpro/libctru/lib/libctru.a(allocateHeaps.o) (svcControlMemory)
/opt/devkitpro/libctru/lib/libctru.a(stack_adjust.o)
                              /opt/devkitpro/devkitARM/bin/../lib/gcc/arm-none-eabi/10.2.0/../../../../arm-none-eabi/lib/armv6k/fpu/3dsx_crt0.o (initSystem)
/opt/devkitpro/libctru/lib/libctru.a(readtp.o)
                              main.o (__aeabi_read_tp)
/opt/devkitpro/libctru/lib/libctru.a(default_font.bin.o)
                              /opt/devkitpro/libctru/lib/libctru.a(console.o) (default_font_bin)
/opt/devkitpro/libctru/lib/libctru.a(vram.o)
                              /opt/devkitpro/libctru/lib/libctru.a(gfx.o) (vramAlloc)
/opt/devkitpro/libctru/lib/libctru.a(synchronization.o)
                              /opt/devkitpro/libctru/lib/libctru.a(ctru_init.o) (__sync_init)
/opt/devkitpro/libctru/lib/libctru.a(env.o)
                              /opt/devkitpro/libctru/lib/libctru.a(fs.o) (envGetHandle)
/opt/devkitpro/libctru/lib/libctru.a(os.o)
                              /opt/devkitpro/libctru/lib/libctru.a(apt.o) (__ctru_speedup_config)
/opt/devkitpro/libctru/lib/libctru.a(srv.o)
                              /opt/devkitpro/libctru/lib/libctru.a(apt.o) (srvInit)
/opt/devkitpro/libctru/lib/libctru.a(thread.o)
                              /opt/devkitpro/libctru/lib/libctru.a(gspgpu.o) (threadCreate)
/opt/devkitpro/libctru/lib/libctru.a(mappable.o)
                              /opt/devkitpro/libctru/lib/libctru.a(allocateHeaps.o) (mappableInit)
/opt/devkitpro/libctru/lib/libctru.a(irrst.o)
                              /opt/devkitpro/libctru/lib/libctru.a(hid.o) (irrstInit)
/opt/devkitpro/libctru/lib/libctru.a(srvpm.o)
                              /opt/devkitpro/libctru/lib/libctru.a(srv.o) (srvPmGetSessionHandle)
/opt/devkitpro/libctru/lib/libctru.a(ptmsysm.o)
                              /opt/devkitpro/libctru/lib/libctru.a(os.o) (ptmSysmInit)
[...]
Memory Configuration

Name             Origin             Length             Attributes
*default*        0x0000000000000000 0xffffffffffffffff

Linker script and memory map

                0x0000000000100000                PROVIDE (__start__ = 0x100000)
                0x0000000000100000                . = __start__

.text           0x0000000000100000    0x83864
 *(.crt0)
 .crt0          0x0000000000100000       0x94 /opt/devkitpro/devkitARM/bin/../lib/gcc/arm-none-eabi/10.2.0/../../../../arm-none-eabi/lib/armv6k/fpu/3dsx_crt0.o
                0x0000000000100000                _start
                0x0000000000100008                __service_ptr
                0x000000000010000c                __apt_appid
                0x0000000000100010                __heap_size
                0x0000000000100014                __linear_heap_size
                0x0000000000100018                __system_arglist
                0x000000000010001c                __system_runflags
 *(.init)
 .init          0x0000000000100094        0xc /opt/devkitpro/devkitARM/bin/../lib/gcc/arm-none-eabi/10.2.0/armv6k/fpu/crti.o
                0x0000000000100094                _init
 .init          0x00000000001000a0        0xc /opt/devkitpro/devkitARM/bin/../lib/gcc/arm-none-eabi/10.2.0/armv6k/fpu/crtn.o
                0x00000000001000ac                . = ALIGN (0x4)
 *(.text)
 .text          0x00000000001000ac      0x964 /opt/devkitpro/portlibs/3ds/lib/libmad.a(imdct_l_arm.o)
                0x00000000001000ac                _III_imdct_l
                0x00000000001000ac                III_imdct_l
 .text          0x0000000000100a10      0x20c /opt/devkitpro/devkitARM/bin/../lib/gcc/arm-none-eabi/10.2.0/armv6k/fpu/libgcc.a(_udivsi3.o)
                0x0000000000100a10                __udivsi3
                0x0000000000100a10                __aeabi_uidiv
                0x0000000000100bfc                __aeabi_uidivmod
 .text          0x0000000000100c1c      0x240 /opt/devkitpro/devkitARM/bin/../lib/gcc/arm-none-eabi/10.2.0/armv6k/fpu/libgcc.a(_divsi3.o)
                0x0000000000100c1c                __aeabi_idiv
                0x0000000000100c1c                __divsi3
                0x0000000000100e3c                __aeabi_idivmod
 .text          0x0000000000100e5c        0x4 /opt/devkitpro/devkitARM/bin/../lib/gcc/arm-none-eabi/10.2.0/armv6k/fpu/libgcc.a(_dvmd_tls.o)
                0x0000000000100e5c                __aeabi_ldiv0
                0x0000000000100e5c                __aeabi_idiv0
 .text          0x0000000000100e60      0x3c0 /opt/devkitpro/devkitARM/bin/../lib/gcc/arm-none-eabi/10.2.0/armv6k/fpu/libgcc.a(_arm_addsubdf3.o)
                0x0000000000100e60                __aeabi_drsub
                0x0000000000100e68                __aeabi_dsub
                0x0000000000100e68                __subdf3
                0x0000000000100e6c                __adddf3
                0x0000000000100e6c                __aeabi_dadd
                0x0000000000101118                __aeabi_ui2d
                0x0000000000101118                __floatunsidf
                0x000000000010113c                __floatsidf
                0x000000000010113c                __aeabi_i2d
                0x0000000000101164                __extendsfdf2
                0x0000000000101164                __aeabi_f2d
                0x00000000001011ac                __aeabi_ul2d
                0x00000000001011ac                __floatundidf
                0x00000000001011c0                __floatdidf
                0x00000000001011c0                __aeabi_l2d
 .text          0x0000000000101220       0xd4 /opt/devkitpro/devkitARM/bin/../lib/gcc/arm-none-eabi/10.2.0/armv6k/fpu/libgcc.a(_aeabi_ldivmod.o)
                0x0000000000101220                __aeabi_ldivmod
 .text          0x00000000001012f4       0x3c /opt/devkitpro/devkitARM/bin/../lib/gcc/arm-none-eabi/10.2.0/armv6k/fpu/libgcc.a(_aeabi_uldivmod.o)
                0x00000000001012f4                __aeabi_uldivmod
 *fill*         0x0000000000101330       0x10 
 .text          0x0000000000101340      0x390 /opt/devkitpro/devkitARM/bin/../lib/gcc/arm-none-eabi/10.2.0/../../../../arm-none-eabi/lib/armv6k/fpu/libg.a(lib_a-strcmp.o)
                0x0000000000101348                strcmp
 *(.text.*)
 .text.__do_global_dtors_aux
                0x00000000001016d0       0x40 /opt/devkitpro/devkitARM/bin/../lib/gcc/arm-none-eabi/10.2.0/armv6k/fpu/crtbegin.o
 .text.frame_dummy
                0x0000000000101710       0x2c /opt/devkitpro/devkitARM/bin/../lib/gcc/arm-none-eabi/10.2.0/armv6k/fpu/crtbegin.o
 .text.ainit    0x000000000010173c       0x3c main.o
                0x000000000010173c                ainit
 .text.init     0x0000000000101778       0x48 main.o
                0x0000000000101778                init
 .text.initFluid
                0x00000000001017c0       0xc0 main.o
                0x00000000001017c0                initFluid
 .text.stepFluid
                0x0000000000101880      0x150 main.o
                0x0000000000101880                stepFluid
 .text.myscandir
                0x00000000001019d0       0x54 main.o
                0x00000000001019d0                myscandir
 .text.startup.main
                0x0000000000101a24      0x2fc main.o
                0x0000000000101a24                main
 .text._ZL21addrMapNodeComparatorPK11rbtree_nodeS1_
                0x0000000000101d20       0x24 /opt/devkitpro/libctru/lib/libctru.a(linear.o)
 .text._ZL21addrMapNodeDestructorP11rbtree_node
                0x0000000000101d44        0x4 /opt/devkitpro/libctru/lib/libctru.a(linear.o)
 .text.linearMemAlign
                0x0000000000101d48      0x120 /opt/devkitpro/libctru/lib/libctru.a(linear.o)
                0x0000000000101d48                linearMemAlign
 .text.linearAlloc
                0x0000000000101e68        0x8 /opt/devkitpro/libctru/lib/libctru.a(linear.o)
                0x0000000000101e68                linearAlloc
 .text.linearFree
                0x0000000000101e70       0x5c /opt/devkitpro/libctru/lib/libctru.a(linear.o)
                0x0000000000101e70                linearFree
 .text._ZN7MemPool13CoalesceRightEP8MemBlock
                0x0000000000101ecc       0x84 /opt/devkitpro/libctru/lib/libctru.a(mem_pool.o)
                0x0000000000101ecc                MemPool::CoalesceRight(MemBlock*)
 .text._ZN7MemPool8AllocateER8MemChunkmi
                0x0000000000101f50      0x170 /opt/devkitpro/libctru/lib/libctru.a(mem_pool.o)
                0x0000000000101f50                MemPool::Allocate(MemChunk&, unsigned long, int)
 .text._ZN7MemPool10DeallocateERK8MemChunk
                0x00000000001020c0       0xfc /opt/devkitpro/libctru/lib/libctru.a(mem_pool.o)
                0x00000000001020c0                MemPool::Deallocate(MemChunk const&)
 .text.romfs_close
                0x00000000001021bc        0x8 /opt/devkitpro/libctru/lib/libctru.a(romfs_dev.o)
 .text.romfs_seek
                0x00000000001021c4       0xc8 /opt/devkitpro/libctru/lib/libctru.a(romfs_dev.o)
 .text.romfs_dirreset
                0x000000000010228c       0x24 /opt/devkitpro/libctru/lib/libctru.a(romfs_dev.o)
 .text.fill_dir
                0x00000000001022b0       0xc8 /opt/devkitpro/libctru/lib/libctru.a(romfs_dev.o)
 .text.romfs_dirnext
                0x0000000000102378      0x2b0 /opt/devkitpro/libctru/lib/libctru.a(romfs_dev.o)
 .text.romfs_free
                0x0000000000102628       0x84 /opt/devkitpro/libctru/lib/libctru.a(romfs_dev.o)
 .text.searchForFile.constprop.0
                0x00000000001026ac       0xd4 /opt/devkitpro/libctru/lib/libctru.a(romfs_dev.o)
 .text.searchForDir.constprop.0
                0x0000000000102780       0xd8 /opt/devkitpro/libctru/lib/libctru.a(romfs_dev.o)
 .text.navigateToDir.constprop.0
                0x0000000000102858      0x1c0 /opt/devkitpro/libctru/lib/libctru.a(romfs_dev.o)
 .text.romfs_open
                0x0000000000102a18      0x128 /opt/devkitpro/libctru/lib/libctru.a(romfs_dev.o)
 .text.romfs_chdir
                0x0000000000102b40       0x4c /opt/devkitpro/libctru/lib/libctru.a(romfs_dev.o)
 .text.romfs_diropen
                0x0000000000102b8c       0x70 /opt/devkitpro/libctru/lib/libctru.a(romfs_dev.o)
 .text.romfs_stat
                0x0000000000102bfc      0x17c /opt/devkitpro/libctru/lib/libctru.a(romfs_dev.o)
 .text.romfs_dirclose
                0x0000000000102d78        0x8 /opt/devkitpro/libctru/lib/libctru.a(romfs_dev.o)
 .text.romfs_fstat
                0x0000000000102d80       0x7c /opt/devkitpro/libctru/lib/libctru.a(romfs_dev.o)
 .text.romfs_read
                0x0000000000102dfc       0xd4 /opt/devkitpro/libctru/lib/libctru.a(romfs_dev.o)
 .text.romfsMountFromFile
                0x0000000000102ed0      0x290 /opt/devkitpro/libctru/lib/libctru.a(romfs_dev.o)
                0x0000000000102ed0                romfsMountFromFile
 .text.romfsMountFromCurrentProcess
                0x0000000000103160       0x98 /opt/devkitpro/libctru/lib/libctru.a(romfs_dev.o)
                0x0000000000103160                romfsMountFromCurrentProcess
 .text.romfsMountSelf
                0x00000000001031f8      0x25c /opt/devkitpro/libctru/lib/libctru.a(romfs_dev.o)
                0x00000000001031f8                romfsMountSelf
 .text.consoleDrawChar
                0x0000000000103454      0x178 /opt/devkitpro/libctru/lib/libctru.a(console.o)
                0x0000000000103454                consoleDrawChar
 .text.consolePrintChar
                0x00000000001035cc      0x124 /opt/devkitpro/libctru/lib/libctru.a(console.o)
                0x00000000001035cc                consolePrintChar
 .text.con_write
                0x00000000001036f0      0xa00 /opt/devkitpro/libctru/lib/libctru.a(console.o)
                0x00000000001036f0                con_write
 .text.consoleInit
                0x00000000001040f0      0x168 /opt/devkitpro/libctru/lib/libctru.a(console.o)
                0x00000000001040f0                consoleInit
 .text.newRow   0x0000000000104258       0xf4 /opt/devkitpro/libctru/lib/libctru.a(console.o)
 .text.gfxPresentFramebuffer
                0x000000000010434c       0xd0 /opt/devkitpro/libctru/lib/libctru.a(gfx.o)
 .text.gfxSet3D
                0x000000000010441c       0x10 /opt/devkitpro/libctru/lib/libctru.a(gfx.o)
                0x000000000010441c                gfxSet3D
 .text.gfxIsWide
                0x000000000010442c       0x1c /opt/devkitpro/libctru/lib/libctru.a(gfx.o)
                0x000000000010442c                gfxIsWide
 .text.gfxSetScreenFormat
                0x0000000000104448       0xec /opt/devkitpro/libctru/lib/libctru.a(gfx.o)
                0x0000000000104448                gfxSetScreenFormat
 .text.gfxSetDoubleBuffering
                0x0000000000104534       0x10 /opt/devkitpro/libctru/lib/libctru.a(gfx.o)
                0x0000000000104534                gfxSetDoubleBuffering
 .text.gfxInit  0x0000000000104544      0x108 /opt/devkitpro/libctru/lib/libctru.a(gfx.o)
                0x0000000000104544                gfxInit
 .text.gfxInitDefault
                0x000000000010464c       0x10 /opt/devkitpro/libctru/lib/libctru.a(gfx.o)
                0x000000000010464c                gfxInitDefault
 .text.gfxExit  0x000000000010465c       0xb4 /opt/devkitpro/libctru/lib/libctru.a(gfx.o)
                0x000000000010465c                gfxExit
 .text.gfxGetFramebuffer
                0x0000000000104710       0xa0 /opt/devkitpro/libctru/lib/libctru.a(gfx.o)
                0x0000000000104710                gfxGetFramebuffer
 .text.gfxFlushBuffers
                0x00000000001047b0      0x10c /opt/devkitpro/libctru/lib/libctru.a(gfx.o)
                0x00000000001047b0                gfxFlushBuffers
 .text.gfxScreenSwapBuffers
                0x00000000001048bc       0x30 /opt/devkitpro/libctru/lib/libctru.a(gfx.o)
                0x00000000001048bc                gfxScreenSwapBuffers
 .text.gfxSwapBuffers
                0x00000000001048ec       0x50 /opt/devkitpro/libctru/lib/libctru.a(gfx.o)
                0x00000000001048ec                gfxSwapBuffers
 .text.gfxSwapBuffersGpu
                0x000000000010493c       0x50 /opt/devkitpro/libctru/lib/libctru.a(gfx.o)
                0x000000000010493c                gfxSwapBuffersGpu
 .text.DSP_LoadComponent.part.0
                0x000000000010498c       0xa4 /opt/devkitpro/libctru/lib/libctru.a(dsp.o)
 .text.dspInit  0x0000000000104a30       0xdc /opt/devkitpro/libctru/lib/libctru.a(dsp.o)
                0x0000000000104a30                dspInit
 .text.dspExit  0x0000000000104b0c       0x78 /opt/devkitpro/libctru/lib/libctru.a(dsp.o)
                0x0000000000104b0c                dspExit
 .text.dspHook  0x0000000000104b84       0x24 /opt/devkitpro/libctru/lib/libctru.a(dsp.o)
                0x0000000000104b84                dspHook
 .text.dspUnhook
                0x0000000000104ba8       0x30 /opt/devkitpro/libctru/lib/libctru.a(dsp.o)
                0x0000000000104ba8                dspUnhook
 .text.aptDspSleep
                0x0000000000104bd8       0xac /opt/devkitpro/libctru/lib/libctru.a(dsp.o)
                0x0000000000104bd8                aptDspSleep
 .text.aptDspWakeup
                0x0000000000104c84       0xb4 /opt/devkitpro/libctru/lib/libctru.a(dsp.o)
                0x0000000000104c84                aptDspWakeup
 .text.aptDspCancel
                0x0000000000104d38       0x44 /opt/devkitpro/libctru/lib/libctru.a(dsp.o)
                0x0000000000104d38                aptDspCancel
 .text.DSP_FlushDataCache
                0x0000000000104d7c       0x50 /opt/devkitpro/libctru/lib/libctru.a(dsp.o)
                0x0000000000104d7c                DSP_FlushDataCache
 .text.DSP_SetSemaphore
                0x0000000000104dcc       0x34 /opt/devkitpro/libctru/lib/libctru.a(dsp.o)
                0x0000000000104dcc                DSP_SetSemaphore
 .text.DSP_SetSemaphoreMask
                0x0000000000104e00       0x34 /opt/devkitpro/libctru/lib/libctru.a(dsp.o)
                0x0000000000104e00                DSP_SetSemaphoreMask
 .text.DSP_GetSemaphoreHandle
                0x0000000000104e34       0x38 /opt/devkitpro/libctru/lib/libctru.a(dsp.o)
                0x0000000000104e34                DSP_GetSemaphoreHandle
 .text.DSP_LoadComponent
                0x0000000000104e6c       0x3c /opt/devkitpro/libctru/lib/libctru.a(dsp.o)
                0x0000000000104e6c                DSP_LoadComponent
 .text.DSP_RegisterInterruptEvents
                0x0000000000104ea8       0x44 /opt/devkitpro/libctru/lib/libctru.a(dsp.o)
                0x0000000000104ea8                DSP_RegisterInterruptEvents
 .text.DSP_ReadPipeIfPossible
                0x0000000000104eec       0x74 /opt/devkitpro/libctru/lib/libctru.a(dsp.o)
                0x0000000000104eec                DSP_ReadPipeIfPossible
 .text.DSP_WriteProcessPipe
                0x0000000000104f60       0x4c /opt/devkitpro/libctru/lib/libctru.a(dsp.o)
                0x0000000000104f60                DSP_WriteProcessPipe
 .text.DSP_ConvertProcessAddressFromDspDram
                0x0000000000104fac       0x40 /opt/devkitpro/libctru/lib/libctru.a(dsp.o)
                0x0000000000104fac                DSP_ConvertProcessAddressFromDspDram
 .text.DSP_RecvData
                0x0000000000104fec       0x40 /opt/devkitpro/libctru/lib/libctru.a(dsp.o)
                0x0000000000104fec                DSP_RecvData
 .text.DSP_RecvDataIsReady
                0x000000000010502c       0x4c /opt/devkitpro/libctru/lib/libctru.a(dsp.o)
                0x000000000010502c                DSP_RecvDataIsReady
 .text.gspHardwareInit
                0x0000000000105078      0xc58 /opt/devkitpro/libctru/lib/libctru.a(gspgpu.o)
 .text.gspInit  0x0000000000105cd0      0x254 /opt/devkitpro/libctru/lib/libctru.a(gspgpu.o)
                0x0000000000105cd0                gspInit
 .text.gspExit  0x0000000000105f24       0xf0 /opt/devkitpro/libctru/lib/libctru.a(gspgpu.o)
                0x0000000000105f24                gspExit
 .text.gspHasGpuRight
                0x0000000000106014       0x10 /opt/devkitpro/libctru/lib/libctru.a(gspgpu.o)
                0x0000000000106014                gspHasGpuRight
 .text.gspPresentBuffer
                0x0000000000106024       0x98 /opt/devkitpro/libctru/lib/libctru.a(gspgpu.o)
                0x0000000000106024                gspPresentBuffer
 .text.gspSetEventCallback
                0x00000000001060bc       0x30 /opt/devkitpro/libctru/lib/libctru.a(gspgpu.o)
                0x00000000001060bc                gspSetEventCallback
 .text.gspWaitForEvent
                0x00000000001060ec       0x50 /opt/devkitpro/libctru/lib/libctru.a(gspgpu.o)
                0x00000000001060ec                gspWaitForEvent
 .text.gspWaitForAnyEvent
                0x000000000010613c       0x4c /opt/devkitpro/libctru/lib/libctru.a(gspgpu.o)
                0x000000000010613c                gspWaitForAnyEvent
 .text.gspEventThreadMain
                0x0000000000106188      0x160 /opt/devkitpro/libctru/lib/libctru.a(gspgpu.o)
 .text.gspSubmitGxCommand
                0x00000000001062e8      0x130 /opt/devkitpro/libctru/lib/libctru.a(gspgpu.o)
                0x00000000001062e8                gspSubmitGxCommand
 .text.GSPGPU_FlushDataCache
                0x0000000000106418       0x50 /opt/devkitpro/libctru/lib/libctru.a(gspgpu.o)
                0x0000000000106418                GSPGPU_FlushDataCache
 .text.GSPGPU_SetLcdForceBlack
                0x0000000000106468       0x34 /opt/devkitpro/libctru/lib/libctru.a(gspgpu.o)
                0x0000000000106468                GSPGPU_SetLcdForceBlack
 .text.GSPGPU_AcquireRight
                0x000000000010649c       0x68 /opt/devkitpro/libctru/lib/libctru.a(gspgpu.o)
                0x000000000010649c                GSPGPU_AcquireRight
 .text.GSPGPU_ReleaseRight
                0x0000000000106504       0x48 /opt/devkitpro/libctru/lib/libctru.a(gspgpu.o)
                0x0000000000106504                GSPGPU_ReleaseRight
 .text.GSPGPU_ImportDisplayCaptureInfo
                0x000000000010654c       0x7c /opt/devkitpro/libctru/lib/libctru.a(gspgpu.o)
                0x000000000010654c                GSPGPU_ImportDisplayCaptureInfo
 .text.GSPGPU_SaveVramSysArea
                0x00000000001065c8       0x2c /opt/devkitpro/libctru/lib/libctru.a(gspgpu.o)
                0x00000000001065c8                GSPGPU_SaveVramSysArea
 .text.GSPGPU_RestoreVramSysArea
                0x00000000001065f4       0x2c /opt/devkitpro/libctru/lib/libctru.a(gspgpu.o)
                0x00000000001065f4                GSPGPU_RestoreVramSysArea
 .text.aptConvertScreenForCapture
                0x0000000000106620      0x1b0 /opt/devkitpro/libctru/lib/libctru.a(apt.o)
 .text.aptSendCommand
                0x00000000001067d0      0x15c /opt/devkitpro/libctru/lib/libctru.a(apt.o)
                0x00000000001067d0                aptSendCommand
 .text.aptExitProcess
                0x000000000010692c       0x38 /opt/devkitpro/libctru/lib/libctru.a(apt.o)
 .text.aptIsActive
                0x0000000000106964       0x14 /opt/devkitpro/libctru/lib/libctru.a(apt.o)
                0x0000000000106964                aptIsActive
 .text.aptExit  0x0000000000106978      0x2f0 /opt/devkitpro/libctru/lib/libctru.a(apt.o)
                0x0000000000106978                aptExit
 .text.aptHandleSleep
                0x0000000000106c68       0xd8 /opt/devkitpro/libctru/lib/libctru.a(apt.o)
                0x0000000000106c68                aptHandleSleep
 .text.aptHook  0x0000000000106d40       0x30 /opt/devkitpro/libctru/lib/libctru.a(apt.o)
                0x0000000000106d40                aptHook
 .text.aptUnhook
                0x0000000000106d70       0x30 /opt/devkitpro/libctru/lib/libctru.a(apt.o)
                0x0000000000106d70                aptUnhook
 .text.APT_SleepIfShellClosed
                0x0000000000106da0       0x84 /opt/devkitpro/libctru/lib/libctru.a(apt.o)
                0x0000000000106da0                APT_SleepIfShellClosed
 .text.aptSetSleepAllowed
                0x0000000000106e24       0x84 /opt/devkitpro/libctru/lib/libctru.a(apt.o)
                0x0000000000106e24                aptSetSleepAllowed
 .text.APT_UnlockTransition
                0x0000000000106ea8       0x84 /opt/devkitpro/libctru/lib/libctru.a(apt.o)
                0x0000000000106ea8                APT_UnlockTransition
 *fill*         0x0000000000106f2c        0x4 
 .text.aptEventHandler
                0x0000000000106f30      0x484 /opt/devkitpro/libctru/lib/libctru.a(apt.o)
 .text.APT_ReceiveParameter
                0x00000000001073b4       0xb0 /opt/devkitpro/libctru/lib/libctru.a(apt.o)
                0x00000000001073b4                APT_ReceiveParameter
 .text.aptReceiveParameter.constprop.0
                0x0000000000107464       0xb0 /opt/devkitpro/libctru/lib/libctru.a(apt.o)
 *fill*         0x0000000000107514        0x4 
 .text.aptScreenTransfer
                0x0000000000107518      0x2bc /opt/devkitpro/libctru/lib/libctru.a(apt.o)
 .text.aptWaitForWakeUp.isra.0
                0x00000000001077d4      0x2d0 /opt/devkitpro/libctru/lib/libctru.a(apt.o)
 .text.aptJumpToHomeMenu
                0x0000000000107aa4       0xf8 /opt/devkitpro/libctru/lib/libctru.a(apt.o)
                0x0000000000107aa4                aptJumpToHomeMenu
 .text.aptMainLoop
                0x0000000000107b9c       0x4c /opt/devkitpro/libctru/lib/libctru.a(apt.o)
                0x0000000000107b9c                aptMainLoop
 .text.aptInit  0x0000000000107be8      0x234 /opt/devkitpro/libctru/lib/libctru.a(apt.o)
                0x0000000000107be8                aptInit
 .text.APT_CheckNew3DS
                0x0000000000107e1c       0x7c /opt/devkitpro/libctru/lib/libctru.a(apt.o)
                0x0000000000107e1c                APT_CheckNew3DS
 .text.hidShouldUseIrrst
                0x0000000000107e98       0x24 /opt/devkitpro/libctru/lib/libctru.a(hid.o)
                0x0000000000107e98                hidShouldUseIrrst
 .text.hidInit  0x0000000000107ebc      0x18c /opt/devkitpro/libctru/lib/libctru.a(hid.o)
                0x0000000000107ebc                hidInit
 .text.hidExit  0x0000000000108048       0xe8 /opt/devkitpro/libctru/lib/libctru.a(hid.o)
                0x0000000000108048                hidExit
 .text.hidScanInput
                0x0000000000108130      0x294 /opt/devkitpro/libctru/lib/libctru.a(hid.o)
                0x0000000000108130                hidScanInput
 .text.hidKeysHeld
                0x00000000001083c4       0x10 /opt/devkitpro/libctru/lib/libctru.a(hid.o)
                0x00000000001083c4                hidKeysHeld
 .text.hidKeysDown
                0x00000000001083d4       0x10 /opt/devkitpro/libctru/lib/libctru.a(hid.o)
                0x00000000001083d4                hidKeysDown
 .text.hidKeysUp
                0x00000000001083e4       0x10 /opt/devkitpro/libctru/lib/libctru.a(hid.o)
                0x00000000001083e4                hidKeysUp
 .text.hidTouchRead
                0x00000000001083f4       0x18 /opt/devkitpro/libctru/lib/libctru.a(hid.o)
                0x00000000001083f4                hidTouchRead
 .text.hidCircleRead
                0x000000000010840c       0x18 /opt/devkitpro/libctru/lib/libctru.a(hid.o)
                0x000000000010840c                hidCircleRead
 .text.fsInit   0x0000000000108424       0xc8 /opt/devkitpro/libctru/lib/libctru.a(fs.o)
                0x0000000000108424                fsInit
 .text.fsExit   0x00000000001084ec       0x3c /opt/devkitpro/libctru/lib/libctru.a(fs.o)
                0x00000000001084ec                fsExit
 .text.fsExemptFromSession
                0x0000000000108528       0x60 /opt/devkitpro/libctru/lib/libctru.a(fs.o)
                0x0000000000108528                fsExemptFromSession
 .text.fsUnexemptFromSession
                0x0000000000108588       0x50 /opt/devkitpro/libctru/lib/libctru.a(fs.o)
                0x0000000000108588                fsUnexemptFromSession
 .text.FSUSER_OpenFile
                0x00000000001085d8       0xcc /opt/devkitpro/libctru/lib/libctru.a(fs.o)
                0x00000000001085d8                FSUSER_OpenFile
 .text.FSUSER_OpenFileDirectly
                0x00000000001086a4       0xd4 /opt/devkitpro/libctru/lib/libctru.a(fs.o)
                0x00000000001086a4                FSUSER_OpenFileDirectly
 .text.FSUSER_DeleteFile
                0x0000000000108778       0xbc /opt/devkitpro/libctru/lib/libctru.a(fs.o)
                0x0000000000108778                FSUSER_DeleteFile
 .text.FSUSER_RenameFile
                0x0000000000108834       0xf8 /opt/devkitpro/libctru/lib/libctru.a(fs.o)
                0x0000000000108834                FSUSER_RenameFile
 .text.FSUSER_DeleteDirectory
                0x000000000010892c       0xbc /opt/devkitpro/libctru/lib/libctru.a(fs.o)
                0x000000000010892c                FSUSER_DeleteDirectory
 .text.FSUSER_CreateFile
                0x00000000001089e8       0xd4 /opt/devkitpro/libctru/lib/libctru.a(fs.o)
                0x00000000001089e8                FSUSER_CreateFile
 .text.FSUSER_CreateDirectory
                0x0000000000108abc       0xc4 /opt/devkitpro/libctru/lib/libctru.a(fs.o)
                0x0000000000108abc                FSUSER_CreateDirectory
 .text.FSUSER_RenameDirectory
                0x0000000000108b80       0xf8 /opt/devkitpro/libctru/lib/libctru.a(fs.o)
                0x0000000000108b80                FSUSER_RenameDirectory
 .text.FSUSER_OpenDirectory
                0x0000000000108c78       0xb4 /opt/devkitpro/libctru/lib/libctru.a(fs.o)
                0x0000000000108c78                FSUSER_OpenDirectory
 .text.FSUSER_OpenArchive
                0x0000000000108d2c       0x94 /opt/devkitpro/libctru/lib/libctru.a(fs.o)
                0x0000000000108d2c                FSUSER_OpenArchive
 .text.FSUSER_CloseArchive
                0x0000000000108dc0       0x8c /opt/devkitpro/libctru/lib/libctru.a(fs.o)
                0x0000000000108dc0                FSUSER_CloseArchive
 .text.FSUSER_GetSdmcArchiveResource
                0x0000000000108e4c       0x74 /opt/devkitpro/libctru/lib/libctru.a(fs.o)
                0x0000000000108e4c                FSUSER_GetSdmcArchiveResource
 .text.FSUSER_IsSdmcWritable
                0x0000000000108ec0       0x64 /opt/devkitpro/libctru/lib/libctru.a(fs.o)
                0x0000000000108ec0                FSUSER_IsSdmcWritable
 .text.FSFILE_Read
                0x0000000000108f24       0x58 /opt/devkitpro/libctru/lib/libctru.a(fs.o)
                0x0000000000108f24                FSFILE_Read
 .text.FSFILE_Write
                0x0000000000108f7c       0x60 /opt/devkitpro/libctru/lib/libctru.a(fs.o)
                0x0000000000108f7c                FSFILE_Write
 .text.FSFILE_GetSize
                0x0000000000108fdc       0x38 /opt/devkitpro/libctru/lib/libctru.a(fs.o)
                0x0000000000108fdc                FSFILE_GetSize
 .text.FSFILE_SetSize
                0x0000000000109014       0x28 /opt/devkitpro/libctru/lib/libctru.a(fs.o)
                0x0000000000109014                FSFILE_SetSize
 .text.FSFILE_Close
                0x000000000010903c       0x3c /opt/devkitpro/libctru/lib/libctru.a(fs.o)
                0x000000000010903c                FSFILE_Close
 .text.FSFILE_Flush
                0x0000000000109078       0x24 /opt/devkitpro/libctru/lib/libctru.a(fs.o)
                0x0000000000109078                FSFILE_Flush
 .text.FSDIR_Read
                0x000000000010909c       0x50 /opt/devkitpro/libctru/lib/libctru.a(fs.o)
                0x000000000010909c                FSDIR_Read
 .text.FSDIR_Close
                0x00000000001090ec       0x3c /opt/devkitpro/libctru/lib/libctru.a(fs.o)
                0x00000000001090ec                FSDIR_Close
 .text.rbtree_init
                0x0000000000109128       0x10 /opt/devkitpro/libctru/lib/libctru.a(rbtree_init.o)
                0x0000000000109128                rbtree_init
 .text.do_insert
                0x0000000000109138      0x1a0 /opt/devkitpro/libctru/lib/libctru.a(rbtree_insert.o)
 .text.rbtree_insert
                0x00000000001092d8        0x8 /opt/devkitpro/libctru/lib/libctru.a(rbtree_insert.o)
                0x00000000001092d8                rbtree_insert
 .text.rbtree_rotate
                0x00000000001092e0       0x90 /opt/devkitpro/libctru/lib/libctru.a(rbtree_rotate.o)
                0x00000000001092e0                rbtree_rotate
 .text.rbtree_remove
                0x0000000000109370      0x338 /opt/devkitpro/libctru/lib/libctru.a(rbtree_remove.o)
                0x0000000000109370                rbtree_remove
 .text.rbtree_find
                0x00000000001096a8       0x74 /opt/devkitpro/libctru/lib/libctru.a(rbtree_find.o)
                0x00000000001096a8                rbtree_find
 .text.utf16_to_utf8
                0x000000000010971c       0xe8 /opt/devkitpro/libctru/lib/libctru.a(utf16_to_utf8.o)
                0x000000000010971c                utf16_to_utf8
 .text.decode_utf16
                0x0000000000109804       0x64 /opt/devkitpro/libctru/lib/libctru.a(decode_utf16.o)
                0x0000000000109804                decode_utf16
 .text.utf8_to_utf16
                0x0000000000109868       0xc0 /opt/devkitpro/libctru/lib/libctru.a(utf8_to_utf16.o)
                0x0000000000109868                utf8_to_utf16
 .text.__system_allocateHeaps
                0x0000000000109928      0x1e0 /opt/devkitpro/libctru/lib/libctru.a(allocateHeaps.o)
                0x0000000000109928                __system_allocateHeaps
 .text.__libctru_init
                0x0000000000109b08       0x38 /opt/devkitpro/libctru/lib/libctru.a(ctru_init.o)
                0x0000000000109b08                __libctru_init
 .text.__system_initArgv
                0x0000000000109b40       0xf0 /opt/devkitpro/libctru/lib/libctru.a(initArgv.o)
                0x0000000000109b40                __system_initArgv
 .text.svcControlMemory
                0x0000000000109c30       0x20 /opt/devkitpro/libctru/lib/libctru.a(svc.o)
                0x0000000000109c30                svcControlMemory
 .text.svcQueryMemory
                0x0000000000109c50       0x30 /opt/devkitpro/libctru/lib/libctru.a(svc.o)
                0x0000000000109c50                svcQueryMemory
 .text.svcExitProcess
                0x0000000000109c80        0x8 /opt/devkitpro/libctru/lib/libctru.a(svc.o)
                0x0000000000109c80                svcExitProcess
 .text.svcCreateThread
                0x0000000000109c88       0x20 /opt/devkitpro/libctru/lib/libctru.a(svc.o)
                0x0000000000109c88                svcCreateThread
 .text.svcExitThread
                0x0000000000109ca8        0x8 /opt/devkitpro/libctru/lib/libctru.a(svc.o)
                0x0000000000109ca8                svcExitThread
 .text.svcSleepThread
                0x0000000000109cb0        0x8 /opt/devkitpro/libctru/lib/libctru.a(svc.o)
                0x0000000000109cb0                svcSleepThread
 .text.svcGetThreadPriority
                0x0000000000109cb8       0x14 /opt/devkitpro/libctru/lib/libctru.a(svc.o)
                0x0000000000109cb8                svcGetThreadPriority
 .text.svcReleaseMutex
                0x0000000000109ccc        0x8 /opt/devkitpro/libctru/lib/libctru.a(svc.o)
                0x0000000000109ccc                svcReleaseMutex
 .text.svcCreateEvent
                0x0000000000109cd4       0x14 /opt/devkitpro/libctru/lib/libctru.a(svc.o)
                0x0000000000109cd4                svcCreateEvent
 .text.svcSignalEvent
                0x0000000000109ce8        0x8 /opt/devkitpro/libctru/lib/libctru.a(svc.o)
                0x0000000000109ce8                svcSignalEvent
 .text.svcClearEvent
                0x0000000000109cf0        0x8 /opt/devkitpro/libctru/lib/libctru.a(svc.o)
                0x0000000000109cf0                svcClearEvent
 .text.svcMapMemoryBlock
                0x0000000000109cf8        0x8 /opt/devkitpro/libctru/lib/libctru.a(svc.o)
                0x0000000000109cf8                svcMapMemoryBlock
 .text.svcUnmapMemoryBlock
                0x0000000000109d00        0x8 /opt/devkitpro/libctru/lib/libctru.a(svc.o)
                0x0000000000109d00                svcUnmapMemoryBlock
 .text.svcCreateAddressArbiter
                0x0000000000109d08       0x14 /opt/devkitpro/libctru/lib/libctru.a(svc.o)
                0x0000000000109d08                svcCreateAddressArbiter
 .text.svcArbitrateAddressNoTimeout
                0x0000000000109d1c        0x8 /opt/devkitpro/libctru/lib/libctru.a(svc.o)
                0x0000000000109d1c                svcArbitrateAddressNoTimeout
 .text.svcCloseHandle
                0x0000000000109d24        0x8 /opt/devkitpro/libctru/lib/libctru.a(svc.o)
                0x0000000000109d24                svcCloseHandle
 .text.svcWaitSynchronization
                0x0000000000109d2c        0x8 /opt/devkitpro/libctru/lib/libctru.a(svc.o)
                0x0000000000109d2c                svcWaitSynchronization
 .text.svcWaitSynchronizationN
                0x0000000000109d34       0x28 /opt/devkitpro/libctru/lib/libctru.a(svc.o)
                0x0000000000109d34                svcWaitSynchronizationN
 .text.svcDuplicateHandle
                0x0000000000109d5c       0x14 /opt/devkitpro/libctru/lib/libctru.a(svc.o)
                0x0000000000109d5c                svcDuplicateHandle
 .text.svcGetSystemTick
                0x0000000000109d70        0x8 /opt/devkitpro/libctru/lib/libctru.a(svc.o)
                0x0000000000109d70                svcGetSystemTick
 .text.svcConnectToPort
                0x0000000000109d78       0x14 /opt/devkitpro/libctru/lib/libctru.a(svc.o)
                0x0000000000109d78                svcConnectToPort
 .text.svcSendSyncRequest
                0x0000000000109d8c        0x8 /opt/devkitpro/libctru/lib/libctru.a(svc.o)
                0x0000000000109d8c                svcSendSyncRequest
 .text.svcGetThreadId
                0x0000000000109d94       0x14 /opt/devkitpro/libctru/lib/libctru.a(svc.o)
                0x0000000000109d94                svcGetThreadId
 .text.svcGetResourceLimit
                0x0000000000109da8       0x14 /opt/devkitpro/libctru/lib/libctru.a(svc.o)
                0x0000000000109da8                svcGetResourceLimit
 .text.svcGetResourceLimitLimitValues
                0x0000000000109dbc        0x8 /opt/devkitpro/libctru/lib/libctru.a(svc.o)
                0x0000000000109dbc                svcGetResourceLimitLimitValues
 .text.svcGetResourceLimitCurrentValues
                0x0000000000109dc4        0x8 /opt/devkitpro/libctru/lib/libctru.a(svc.o)
                0x0000000000109dc4                svcGetResourceLimitCurrentValues
 .text.svcBreak
                0x0000000000109dcc        0x8 /opt/devkitpro/libctru/lib/libctru.a(svc.o)
                0x0000000000109dcc                svcBreak
 .text.initSystem
                0x0000000000109dd4       0x50 /opt/devkitpro/libctru/lib/libctru.a(stack_adjust.o)
                0x0000000000109dd4                initSystem
 .text.__ctru_exit
                0x0000000000109e24       0x18 /opt/devkitpro/libctru/lib/libctru.a(stack_adjust.o)
                0x0000000000109e24                __ctru_exit
 .text.__aeabi_read_tp
                0x0000000000109e3c        0xc /opt/devkitpro/libctru/lib/libctru.a(readtp.o)
                0x0000000000109e3c                __aeabi_read_tp
 .text._ZL21addrMapNodeComparatorPK11rbtree_nodeS1_
                0x0000000000109e48       0x24 /opt/devkitpro/libctru/lib/libctru.a(vram.o)
 .text._ZL21addrMapNodeDestructorP11rbtree_node
                0x0000000000109e6c        0x4 /opt/devkitpro/libctru/lib/libctru.a(vram.o)
 .text.vramMemAlign
                0x0000000000109e70      0x114 /opt/devkitpro/libctru/lib/libctru.a(vram.o)
                0x0000000000109e70                vramMemAlign
 .text.vramAlloc
                0x0000000000109f84        0x8 /opt/devkitpro/libctru/lib/libctru.a(vram.o)
                0x0000000000109f84                vramAlloc
 .text.vramFree
                0x0000000000109f8c       0x5c /opt/devkitpro/libctru/lib/libctru.a(vram.o)
                0x0000000000109f8c                vramFree
 .text.__sync_init
                0x0000000000109fe8        0xc /opt/devkitpro/libctru/lib/libctru.a(synchronization.o)
                0x0000000000109fe8                __sync_init
 .text.__sync_fini
                0x0000000000109ff4       0x18 /opt/devkitpro/libctru/lib/libctru.a(synchronization.o)
                0x0000000000109ff4                __sync_fini
 .text.syncArbitrateAddress
                0x000000000010a00c       0x2c /opt/devkitpro/libctru/lib/libctru.a(synchronization.o)
                0x000000000010a00c                syncArbitrateAddress
 .text.LightLock_Init
                0x000000000010a038       0x1c /opt/devkitpro/libctru/lib/libctru.a(synchronization.o)
                0x000000000010a038                LightLock_Init
 .text.LightLock_Lock
                0x000000000010a054       0x94 /opt/devkitpro/libctru/lib/libctru.a(synchronization.o)
                0x000000000010a054                LightLock_Lock
 .text.LightLock_TryLock
                0x000000000010a0e8       0x44 /opt/devkitpro/libctru/lib/libctru.a(synchronization.o)
                0x000000000010a0e8                LightLock_TryLock
 .text.LightLock_Unlock
                0x000000000010a12c       0x40 /opt/devkitpro/libctru/lib/libctru.a(synchronization.o)
                0x000000000010a12c                LightLock_Unlock
 .text.RecursiveLock_Init
                0x000000000010a16c       0x24 /opt/devkitpro/libctru/lib/libctru.a(synchronization.o)
                0x000000000010a16c                RecursiveLock_Init
 .text.RecursiveLock_Lock
                0x000000000010a190       0x30 /opt/devkitpro/libctru/lib/libctru.a(synchronization.o)
                0x000000000010a190                RecursiveLock_Lock
 .text.RecursiveLock_TryLock
                0x000000000010a1c0       0x78 /opt/devkitpro/libctru/lib/libctru.a(synchronization.o)
                0x000000000010a1c0                RecursiveLock_TryLock
 .text.RecursiveLock_Unlock
                0x000000000010a238       0x54 /opt/devkitpro/libctru/lib/libctru.a(synchronization.o)
                0x000000000010a238                RecursiveLock_Unlock
 .text.CondVar_Init
                0x000000000010a28c        0xc /opt/devkitpro/libctru/lib/libctru.a(synchronization.o)
                0x000000000010a28c                CondVar_Init
 .text.CondVar_Wait
                0x000000000010a298       0x84 /opt/devkitpro/libctru/lib/libctru.a(synchronization.o)
                0x000000000010a298                CondVar_Wait
 .text.CondVar_WakeUp
                0x000000000010a31c       0x88 /opt/devkitpro/libctru/lib/libctru.a(synchronization.o)
                0x000000000010a31c                CondVar_WakeUp
 .text.LightEvent_Init
                0x000000000010a3a4       0x40 /opt/devkitpro/libctru/lib/libctru.a(synchronization.o)
                0x000000000010a3a4                LightEvent_Init
 .text.LightEvent_Clear
                0x000000000010a3e4       0xa4 /opt/devkitpro/libctru/lib/libctru.a(synchronization.o)
                0x000000000010a3e4                LightEvent_Clear
 .text.LightEvent_Signal
                0x000000000010a488       0xc8 /opt/devkitpro/libctru/lib/libctru.a(synchronization.o)
                0x000000000010a488                LightEvent_Signal
 .text.LightEvent_TryWait
                0x000000000010a550       0x58 /opt/devkitpro/libctru/lib/libctru.a(synchronization.o)
                0x000000000010a550                LightEvent_TryWait
 .text.LightEvent_Wait
                0x000000000010a5a8       0xb0 /opt/devkitpro/libctru/lib/libctru.a(synchronization.o)
                0x000000000010a5a8                LightEvent_Wait
 .text.LightSemaphore_Init
                0x000000000010a658       0x14 /opt/devkitpro/libctru/lib/libctru.a(synchronization.o)
                0x000000000010a658                LightSemaphore_Init
 .text.LightSemaphore_Acquire
                0x000000000010a66c       0x94 /opt/devkitpro/libctru/lib/libctru.a(synchronization.o)
                0x000000000010a66c                LightSemaphore_Acquire
 .text.LightSemaphore_Release
                0x000000000010a700       0x64 /opt/devkitpro/libctru/lib/libctru.a(synchronization.o)
                0x000000000010a700                LightSemaphore_Release
 .text.envGetHandle
                0x000000000010a764       0x84 /opt/devkitpro/libctru/lib/libctru.a(env.o)
                0x000000000010a764                envGetHandle
 .text.envDestroyHandles
                0x000000000010a7e8       0x50 /opt/devkitpro/libctru/lib/libctru.a(env.o)
                0x000000000010a7e8                envDestroyHandles
 .text.osConvertVirtToPhys
                0x000000000010a838       0x74 /opt/devkitpro/libctru/lib/libctru.a(os.o)
                0x000000000010a838                osConvertVirtToPhys
 .text.osGetTimeRef
                0x000000000010a8ac       0x54 /opt/devkitpro/libctru/lib/libctru.a(os.o)
                0x000000000010a8ac                osGetTimeRef
 .text.osGetTime
                0x000000000010a900       0xe4 /opt/devkitpro/libctru/lib/libctru.a(os.o)
                0x000000000010a900                osGetTime
 .text.__libctru_gtod
                0x000000000010a9e4       0x74 /opt/devkitpro/libctru/lib/libctru.a(os.o)
                0x000000000010a9e4                __libctru_gtod
 .text.__ctru_speedup_config
                0x000000000010aa58       0x34 /opt/devkitpro/libctru/lib/libctru.a(os.o)
                0x000000000010aa58                __ctru_speedup_config
 .text.srvInit  0x000000000010aa8c      0x124 /opt/devkitpro/libctru/lib/libctru.a(srv.o)
                0x000000000010aa8c                srvInit
 .text.srvExit  0x000000000010abb0       0x58 /opt/devkitpro/libctru/lib/libctru.a(srv.o)
                0x000000000010abb0                srvExit
 .text.srvGetServiceHandleDirect
                0x000000000010ac08       0x80 /opt/devkitpro/libctru/lib/libctru.a(srv.o)
                0x000000000010ac08                srvGetServiceHandleDirect
 .text.srvGetServiceHandle
                0x000000000010ac88       0x48 /opt/devkitpro/libctru/lib/libctru.a(srv.o)
                0x000000000010ac88                srvGetServiceHandle
 .text.srvPublishToSubscriber
                0x000000000010acd0       0x38 /opt/devkitpro/libctru/lib/libctru.a(srv.o)
                0x000000000010acd0                srvPublishToSubscriber
 .text.threadCreate
                0x000000000010ad08      0x188 /opt/devkitpro/libctru/lib/libctru.a(thread.o)
                0x000000000010ad08                threadCreate
 .text.threadGetHandle
                0x000000000010ae90       0x24 /opt/devkitpro/libctru/lib/libctru.a(thread.o)
                0x000000000010ae90                threadGetHandle
 .text.threadFree
                0x000000000010aeb4       0x2c /opt/devkitpro/libctru/lib/libctru.a(thread.o)
                0x000000000010aeb4                threadFree
 .text.threadJoin
                0x000000000010aee0       0x24 /opt/devkitpro/libctru/lib/libctru.a(thread.o)
                0x000000000010aee0                threadJoin
 .text.threadGetCurrent
                0x000000000010af04       0x30 /opt/devkitpro/libctru/lib/libctru.a(thread.o)
                0x000000000010af04                threadGetCurrent
 .text.threadExit
                0x000000000010af34       0x40 /opt/devkitpro/libctru/lib/libctru.a(thread.o)
                0x000000000010af34                threadExit
 .text._thread_begin
                0x000000000010af74       0x44 /opt/devkitpro/libctru/lib/libctru.a(thread.o)
 .text.mappableFindAddressWithin
                0x000000000010afb8       0x94 /opt/devkitpro/libctru/lib/libctru.a(mappable.o)
 .text.mappableInit
                0x000000000010b04c       0x28 /opt/devkitpro/libctru/lib/libctru.a(mappable.o)
                0x000000000010b04c                mappableInit
 .text.mappableAlloc
                0x000000000010b074       0x80 /opt/devkitpro/libctru/lib/libctru.a(mappable.o)
                0x000000000010b074                mappableAlloc
 .text.mappableFree
                0x000000000010b0f4        0x4 /opt/devkitpro/libctru/lib/libctru.a(mappable.o)
                0x000000000010b0f4                mappableFree
 .text.irrstInit
                0x000000000010b0f8      0x160 /opt/devkitpro/libctru/lib/libctru.a(irrst.o)
                0x000000000010b0f8                irrstInit
 .text.irrstExit
                0x000000000010b258       0xcc /opt/devkitpro/libctru/lib/libctru.a(irrst.o)
                0x000000000010b258                irrstExit
 .text.irrstScanInput
                0x000000000010b324       0xb0 /opt/devkitpro/libctru/lib/libctru.a(irrst.o)
                0x000000000010b324                irrstScanInput
 .text.irrstKeysHeld
                0x000000000010b3d4       0x24 /opt/devkitpro/libctru/lib/libctru.a(irrst.o)
                0x000000000010b3d4                irrstKeysHeld
 .text.irrstCstickRead
                0x000000000010b3f8       0x18 /opt/devkitpro/libctru/lib/libctru.a(irrst.o)
                0x000000000010b3f8                irrstCstickRead
 .text.srvPmGetSessionHandle
                0x000000000010b410        0xc /opt/devkitpro/libctru/lib/libctru.a(srvpm.o)
                0x000000000010b410                srvPmGetSessionHandle
 .text.ptmSysmInit
                0x000000000010b41c       0x74 /opt/devkitpro/libctru/lib/libctru.a(ptmsysm.o)
                0x000000000010b41c                ptmSysmInit
 .text.ptmSysmExit
                0x000000000010b490       0x3c /opt/devkitpro/libctru/lib/libctru.a(ptmsysm.o)
                0x000000000010b490                ptmSysmExit
 .text.PTMSYSM_ConfigureNew3DSCPU
                0x000000000010b4cc       0x34 /opt/devkitpro/libctru/lib/libctru.a(ptmsysm.o)
                0x000000000010b4cc                PTMSYSM_ConfigureNew3DSCPU
 .text.rbtree_node_next
                0x000000000010b500       0x50 /opt/devkitpro/libctru/lib/libctru.a(rbtree_iterator.o)
                0x000000000010b500                rbtree_node_next
 .text.encode_utf16
                0x000000000010b550       0x60 /opt/devkitpro/libctru/lib/libctru.a(encode_utf16.o)
                0x000000000010b550                encode_utf16
 .text.encode_utf8
                0x000000000010b5b0       0xfc /opt/devkitpro/libctru/lib/libctru.a(encode_utf8.o)
                0x000000000010b5b0                encode_utf8
 .text.decode_utf8
                0x000000000010b6ac      0x13c /opt/devkitpro/libctru/lib/libctru.a(decode_utf8.o)
                0x000000000010b6ac                decode_utf8
 .text.__appInit
                0x000000000010b7e8       0x30 /opt/devkitpro/libctru/lib/libctru.a(appInit.o)
                0x000000000010b7e8                __appInit
 .text.__libctru_nanosleep
                0x000000000010b818       0x30 /opt/devkitpro/libctru/lib/libctru.a(syscalls.o)
 .text.__libctru_get_reent
                0x000000000010b848       0x30 /opt/devkitpro/libctru/lib/libctru.a(syscalls.o)
 .text.__system_initSyscalls
                0x000000000010b878       0xf8 /opt/devkitpro/libctru/lib/libctru.a(syscalls.o)
                0x000000000010b878                __system_initSyscalls
 .text.__appExit
                0x000000000010b970       0x30 /opt/devkitpro/libctru/lib/libctru.a(appExit.o)
                0x000000000010b970                __appExit
 .text.__libctru_exit
                0x000000000010b9a0       0x90 /opt/devkitpro/libctru/lib/libctru.a(ctru_exit.o)
                0x000000000010b9a0                __libctru_exit
 .text.archive_link
                0x000000000010ba30       0x14 /opt/devkitpro/libctru/lib/libctru.a(archive_dev.o)
 .text.archive_dirreset
                0x000000000010ba44       0x14 /opt/devkitpro/libctru/lib/libctru.a(archive_dev.o)
 .text.archive_chmod
                0x000000000010ba58       0x14 /opt/devkitpro/libctru/lib/libctru.a(archive_dev.o)
 .text.error_cmp
                0x000000000010ba6c       0x24 /opt/devkitpro/libctru/lib/libctru.a(archive_dev.o)
 .text.archive_translate_error
                0x000000000010ba90       0x50 /opt/devkitpro/libctru/lib/libctru.a(archive_dev.o)
 .text.archive_seek
                0x000000000010bae0       0xd4 /opt/devkitpro/libctru/lib/libctru.a(archive_dev.o)
 .text._archiveInit.part.0
                0x000000000010bbb4       0x7c /opt/devkitpro/libctru/lib/libctru.a(archive_dev.o)
 .text.archiveFindDevice.part.0
                0x000000000010bc30       0x8c /opt/devkitpro/libctru/lib/libctru.a(archive_dev.o)
 .text.archive_utf16path
                0x000000000010bcbc      0x294 /opt/devkitpro/libctru/lib/libctru.a(archive_dev.o)
 .text._archiveUnmountDeviceStruct.part.0
                0x000000000010bf50       0xa0 /opt/devkitpro/libctru/lib/libctru.a(archive_dev.o)
 .text.archive_fchmod
                0x000000000010bff0       0x14 /opt/devkitpro/libctru/lib/libctru.a(archive_dev.o)
 .text.archive_statvfs
                0x000000000010c004       0x14 /opt/devkitpro/libctru/lib/libctru.a(archive_dev.o)
 .text._archiveMountDevice
                0x000000000010c018      0x158 /opt/devkitpro/libctru/lib/libctru.a(archive_dev.o)
 .text.archive_diropen
                0x000000000010c170       0xe8 /opt/devkitpro/libctru/lib/libctru.a(archive_dev.o)
 .text.archive_fstat
                0x000000000010c258       0xa4 /opt/devkitpro/libctru/lib/libctru.a(archive_dev.o)
 .text.archive_close
                0x000000000010c2fc       0x6c /opt/devkitpro/libctru/lib/libctru.a(archive_dev.o)
 .text.archive_fsync
                0x000000000010c368       0x6c /opt/devkitpro/libctru/lib/libctru.a(archive_dev.o)
 .text.archive_dirclose
                0x000000000010c3d4       0x70 /opt/devkitpro/libctru/lib/libctru.a(archive_dev.o)
 .text.sdmc_statvfs
                0x000000000010c444       0xe8 /opt/devkitpro/libctru/lib/libctru.a(archive_dev.o)
 .text.archive_ftruncate
                0x000000000010c52c       0x80 /opt/devkitpro/libctru/lib/libctru.a(archive_dev.o)
 .text.archive_chdir
                0x000000000010c5ac       0xfc /opt/devkitpro/libctru/lib/libctru.a(archive_dev.o)
 .text.archive_read
                0x000000000010c6a8       0xb0 /opt/devkitpro/libctru/lib/libctru.a(archive_dev.o)
 .text.archive_unlink
                0x000000000010c758       0xac /opt/devkitpro/libctru/lib/libctru.a(archive_dev.o)
 .text.archive_rmdir
                0x000000000010c804       0xc8 /opt/devkitpro/libctru/lib/libctru.a(archive_dev.o)
 .text.archive_mkdir
                0x000000000010c8cc       0xec /opt/devkitpro/libctru/lib/libctru.a(archive_dev.o)
 .text.archive_stat
                0x000000000010c9b8      0x1a8 /opt/devkitpro/libctru/lib/libctru.a(archive_dev.o)
 .text.archive_rename
                0x000000000010cb60      0x184 /opt/devkitpro/libctru/lib/libctru.a(archive_dev.o)
 .text.archive_dirnext
                0x000000000010cce4      0x168 /opt/devkitpro/libctru/lib/libctru.a(archive_dev.o)
 .text.archive_write
                0x000000000010ce4c      0x12c /opt/devkitpro/libctru/lib/libctru.a(archive_dev.o)
 .text.archive_open
                0x000000000010cf78      0x1f0 /opt/devkitpro/libctru/lib/libctru.a(archive_dev.o)
 .text.archiveMountSdmc
                0x000000000010d168      0x1a4 /opt/devkitpro/libctru/lib/libctru.a(archive_dev.o)
                0x000000000010d168                archiveMountSdmc
 .text.archiveUnmountAll
                0x000000000010d30c       0x54 /opt/devkitpro/libctru/lib/libctru.a(archive_dev.o)
                0x000000000010d30c                archiveUnmountAll
 .text.cosf     0x000000000010d360      0x22c /opt/devkitpro/devkitARM/bin/../lib/gcc/arm-none-eabi/10.2.0/../../../../arm-none-eabi/lib/armv6k/fpu/libm.a(lib_a-cosf.o)
                0x000000000010d360                cosf
 .text.with_errnof
                0x000000000010d58c       0x24 /opt/devkitpro/devkitARM/bin/../lib/gcc/arm-none-eabi/10.2.0/../../../../arm-none-eabi/lib/armv6k/fpu/libm.a(lib_a-math_errf.o)
 .text.__math_invalidf
                0x000000000010d5b0       0x1c /opt/devkitpro/devkitARM/bin/../lib/gcc/arm-none-eabi/10.2.0/../../../../arm-none-eabi/lib/armv6k/fpu/libm.a(lib_a-math_errf.o)
                0x000000000010d5b0                __math_invalidf
 *fill*         0x000000000010d5cc        0x4 
 .text.pow      0x000000000010d5d0      0x6f8 /opt/devkitpro/devkitARM/bin/../lib/gcc/arm-none-eabi/10.2.0/../../../../arm-none-eabi/lib/armv6k/fpu/libm.a(lib_a-pow.o)
                0x000000000010d5d0                pow
 .text.sinf     0x000000000010dcc8      0x274 /opt/devkitpro/devkitARM/bin/../lib/gcc/arm-none-eabi/10.2.0/../../../../arm-none-eabi/lib/armv6k/fpu/libm.a(lib_a-sinf.o)
                0x000000000010dcc8                sinf
 *fill*         0x000000000010df3c        0x4 
 .text.scalbn   0x000000000010df40      0x138 /opt/devkitpro/devkitARM/bin/../lib/gcc/arm-none-eabi/10.2.0/../../../../arm-none-eabi/lib/armv6k/fpu/libm.a(lib_a-s_scalbn.o)
                0x000000000010df40                scalbn
 .text.sin      0x000000000010e078       0xc8 /opt/devkitpro/devkitARM/bin/../lib/gcc/arm-none-eabi/10.2.0/../../../../arm-none-eabi/lib/armv6k/fpu/libm.a(lib_a-s_sin.o)
                0x000000000010e078                sin
 .text.__ieee754_rem_pio2
                0x000000000010e140      0x328 /opt/devkitpro/devkitARM/bin/../lib/gcc/arm-none-eabi/10.2.0/../../../../arm-none-eabi/lib/armv6k/fpu/libm.a(lib_a-e_rem_pio2.o)
                0x000000000010e140                __ieee754_rem_pio2
 .text.__kernel_cos
                0x000000000010e468      0x158 /opt/devkitpro/devkitARM/bin/../lib/gcc/arm-none-eabi/10.2.0/../../../../arm-none-eabi/lib/armv6k/fpu/libm.a(lib_a-k_cos.o)
                0x000000000010e468                __kernel_cos
 .text.__kernel_rem_pio2
                0x000000000010e5c0      0x88c /opt/devkitpro/devkitARM/bin/../lib/gcc/arm-none-eabi/10.2.0/../../../../arm-none-eabi/lib/armv6k/fpu/libm.a(lib_a-k_rem_pio2.o)
                0x000000000010e5c0                __kernel_rem_pio2
 *fill*         0x000000000010ee4c        0x4 
 .text.__kernel_sin
                0x000000000010ee50       0xc0 /opt/devkitpro/devkitARM/bin/../lib/gcc/arm-none-eabi/10.2.0/../../../../arm-none-eabi/lib/armv6k/fpu/libm.a(lib_a-k_sin.o)
                0x000000000010ee50                __kernel_sin
 .text.with_errno
                0x000000000010ef10       0x24 /opt/devkitpro/devkitARM/bin/../lib/gcc/arm-none-eabi/10.2.0/../../../../arm-none-eabi/lib/armv6k/fpu/libm.a(lib_a-math_err.o)
 .text.xflow    0x000000000010ef34       0x28 /opt/devkitpro/devkitARM/bin/../lib/gcc/arm-none-eabi/10.2.0/../../../../arm-none-eabi/lib/armv6k/fpu/libm.a(lib_a-math_err.o)
 *fill*         0x000000000010ef5c        0x4 
 .text.__math_uflow
                0x000000000010ef60       0x10 /opt/devkitpro/devkitARM/bin/../lib/gcc/arm-none-eabi/10.2.0/../../../../arm-none-eabi/lib/armv6k/fpu/libm.a(lib_a-math_err.o)
                0x000000000010ef60                __math_uflow
 .text.__math_oflow
                0x000000000010ef70       0x10 /opt/devkitpro/devkitARM/bin/../lib/gcc/arm-none-eabi/10.2.0/../../../../arm-none-eabi/lib/armv6k/fpu/libm.a(lib_a-math_err.o)
                0x000000000010ef70                __math_oflow
 .text.__math_divzero
                0x000000000010ef80       0x50 /opt/devkitpro/devkitARM/bin/../lib/gcc/arm-none-eabi/10.2.0/../../../../arm-none-eabi/lib/armv6k/fpu/libm.a(lib_a-math_err.o)
                0x000000000010ef80                __math_divzero
 .text.__math_invalid
                0x000000000010efd0       0x1c /opt/devkitpro/devkitARM/bin/../lib/gcc/arm-none-eabi/10.2.0/../../../../arm-none-eabi/lib/armv6k/fpu/libm.a(lib_a-math_err.o)
                0x000000000010efd0                __math_invalid
 .text.__math_check_uflow
                0x000000000010efec       0x14 /opt/devkitpro/devkitARM/bin/../lib/gcc/arm-none-eabi/10.2.0/../../../../arm-none-eabi/lib/armv6k/fpu/libm.a(lib_a-math_err.o)
                0x000000000010efec                __math_check_uflow
 .text.__math_check_oflow
                0x000000000010f000       0x28 /opt/devkitpro/devkitARM/bin/../lib/gcc/arm-none-eabi/10.2.0/../../../../arm-none-eabi/lib/armv6k/fpu/libm.a(lib_a-math_err.o)
                0x000000000010f000                __math_check_oflow
 .text.fabs     0x000000000010f028       0x14 /opt/devkitpro/devkitARM/bin/../lib/gcc/arm-none-eabi/10.2.0/../../../../arm-none-eabi/lib/armv6k/fpu/libm.a(lib_a-s_fabs.o)
                0x000000000010f028                fabs
 *fill*         0x000000000010f03c        0x4 
 .text.floor    0x000000000010f040      0x164 /opt/devkitpro/devkitARM/bin/../lib/gcc/arm-none-eabi/10.2.0/../../../../arm-none-eabi/lib/armv6k/fpu/libm.a(lib_a-s_floor.o)
                0x000000000010f040                floor
 .text.SDL_InitSubSystem
                0x000000000010f1a4      0x158 /opt/devkitpro/portlibs/3ds/lib/libSDL.a(SDL.o)
                0x000000000010f1a4                SDL_InitSubSystem
 .text.SDL_Init
                0x000000000010f2fc       0x40 /opt/devkitpro/portlibs/3ds/lib/libSDL.a(SDL.o)
                0x000000000010f2fc                SDL_Init
 .text.SDL_QuitSubSystem
                0x000000000010f33c       0x9c /opt/devkitpro/portlibs/3ds/lib/libSDL.a(SDL.o)
                0x000000000010f33c                SDL_QuitSubSystem
 .text.SDL_Quit
                0x000000000010f3d8       0x18 /opt/devkitpro/portlibs/3ds/lib/libSDL.a(SDL.o)
                0x000000000010f3d8                SDL_Quit
 .text.SDL_SetError
                0x000000000010f3f0      0x208 /opt/devkitpro/portlibs/3ds/lib/libSDL.a(SDL_error.o)
                0x000000000010f3f0                SDL_SetError
 .text.SDL_GetErrorMsg
                0x000000000010f5f8      0x2e8 /opt/devkitpro/portlibs/3ds/lib/libSDL.a(SDL_error.o)
                0x000000000010f5f8                SDL_GetErrorMsg
 .text.SDL_GetError
                0x000000000010f8e0       0x10 /opt/devkitpro/portlibs/3ds/lib/libSDL.a(SDL_error.o)
                0x000000000010f8e0                SDL_GetError
 .text.SDL_ClearError
                0x000000000010f8f0       0x14 /opt/devkitpro/portlibs/3ds/lib/libSDL.a(SDL_error.o)
                0x000000000010f8f0                SDL_ClearError
 .text.SDL_Error
                0x000000000010f904       0x58 /opt/devkitpro/portlibs/3ds/lib/libSDL.a(SDL_error.o)
                0x000000000010f904                SDL_Error
 .text.SDL_Parachute
                0x000000000010f95c       0x20 /opt/devkitpro/portlibs/3ds/lib/libSDL.a(SDL_fatal.o)
 .text.SDL_InstallParachute
                0x000000000010f97c       0x4c /opt/devkitpro/portlibs/3ds/lib/libSDL.a(SDL_fatal.o)
                0x000000000010f97c                SDL_InstallParachute
 .text.SDL_UninstallParachute
                0x000000000010f9c8       0x50 /opt/devkitpro/portlibs/3ds/lib/libSDL.a(SDL_fatal.o)
                0x000000000010f9c8                SDL_UninstallParachute
 .text.SDL_LockAudio_Default
                0x000000000010fa18       0x30 /opt/devkitpro/portlibs/3ds/lib/libSDL.a(SDL_audio.o)
 .text.SDL_UnlockAudio_Default
                0x000000000010fa48       0x30 /opt/devkitpro/portlibs/3ds/lib/libSDL.a(SDL_audio.o)
 .text.SDL_RunAudio
                0x000000000010fa78      0x19c /opt/devkitpro/portlibs/3ds/lib/libSDL.a(SDL_audio.o)
                0x000000000010fa78                SDL_RunAudio
 .text.SDL_OpenAudio
                0x000000000010fc14      0x4cc /opt/devkitpro/portlibs/3ds/lib/libSDL.a(SDL_audio.o)
                0x000000000010fc14                SDL_OpenAudio
 .text.SDL_PauseAudio
                0x00000000001100e0       0x18 /opt/devkitpro/portlibs/3ds/lib/libSDL.a(SDL_audio.o)
                0x00000000001100e0                SDL_PauseAudio
 .text.SDL_LockAudio
                0x00000000001100f8       0x24 /opt/devkitpro/portlibs/3ds/lib/libSDL.a(SDL_audio.o)
                0x00000000001100f8                SDL_LockAudio
 .text.SDL_UnlockAudio
                0x000000000011011c       0x24 /opt/devkitpro/portlibs/3ds/lib/libSDL.a(SDL_audio.o)
                0x000000000011011c                SDL_UnlockAudio
 .text.SDL_CloseAudio
                0x0000000000110140        0x8 /opt/devkitpro/portlibs/3ds/lib/libSDL.a(SDL_audio.o)
                0x0000000000110140                SDL_CloseAudio
 .text.SDL_AudioQuit
                0x0000000000110148       0xac /opt/devkitpro/portlibs/3ds/lib/libSDL.a(SDL_audio.o)
                0x0000000000110148                SDL_AudioQuit
 .text.SDL_AudioInit
                0x00000000001101f4      0x104 /opt/devkitpro/portlibs/3ds/lib/libSDL.a(SDL_audio.o)
                0x00000000001101f4                SDL_AudioInit
 .text.SDL_FirstAudioFormat
                0x00000000001102f8       0xa8 /opt/devkitpro/portlibs/3ds/lib/libSDL.a(SDL_audio.o)
                0x00000000001102f8                SDL_FirstAudioFormat
 .text.SDL_NextAudioFormat
                0x00000000001103a0       0x54 /opt/devkitpro/portlibs/3ds/lib/libSDL.a(SDL_audio.o)
                0x00000000001103a0                SDL_NextAudioFormat
 .text.SDL_CalculateAudioSpec
                0x00000000001103f4       0x34 /opt/devkitpro/portlibs/3ds/lib/libSDL.a(SDL_audio.o)
                0x00000000001103f4                SDL_CalculateAudioSpec
 .text.SDL_ConvertMono
                0x0000000000110428      0x27c /opt/devkitpro/portlibs/3ds/lib/libSDL.a(SDL_audiocvt.o)
                0x0000000000110428                SDL_ConvertMono
 .text.SDL_ConvertStrip
                0x00000000001106a4      0x290 /opt/devkitpro/portlibs/3ds/lib/libSDL.a(SDL_audiocvt.o)
                0x00000000001106a4                SDL_ConvertStrip
 .text.SDL_ConvertStrip_2
                0x0000000000110934      0x294 /opt/devkitpro/portlibs/3ds/lib/libSDL.a(SDL_audiocvt.o)
                0x0000000000110934                SDL_ConvertStrip_2
 .text.SDL_ConvertStereo
                0x0000000000110bc8       0xa0 /opt/devkitpro/portlibs/3ds/lib/libSDL.a(SDL_audiocvt.o)
                0x0000000000110bc8                SDL_ConvertStereo
 .text.SDL_ConvertSurround
                0x0000000000110c68      0x414 /opt/devkitpro/portlibs/3ds/lib/libSDL.a(SDL_audiocvt.o)
                0x0000000000110c68                SDL_ConvertSurround
 .text.SDL_ConvertSurround_4
                0x000000000011107c      0x38c /opt/devkitpro/portlibs/3ds/lib/libSDL.a(SDL_audiocvt.o)
                0x000000000011107c                SDL_ConvertSurround_4
 .text.SDL_Convert16LSB
                0x0000000000111408       0x70 /opt/devkitpro/portlibs/3ds/lib/libSDL.a(SDL_audiocvt.o)
                0x0000000000111408                SDL_Convert16LSB
 .text.SDL_Convert16MSB
                0x0000000000111478       0x80 /opt/devkitpro/portlibs/3ds/lib/libSDL.a(SDL_audiocvt.o)
                0x0000000000111478                SDL_Convert16MSB
 .text.SDL_Convert8
                0x00000000001114f8       0x8c /opt/devkitpro/portlibs/3ds/lib/libSDL.a(SDL_audiocvt.o)
                0x00000000001114f8                SDL_Convert8
 .text.SDL_ConvertSign
                0x0000000000111584       0xa4 /opt/devkitpro/portlibs/3ds/lib/libSDL.a(SDL_audiocvt.o)
                0x0000000000111584                SDL_ConvertSign
 .text.SDL_ConvertEndian
                0x0000000000111628       0x64 /opt/devkitpro/portlibs/3ds/lib/libSDL.a(SDL_audiocvt.o)
                0x0000000000111628                SDL_ConvertEndian
 .text.SDL_RateMUL2
                0x000000000011168c       0xc8 /opt/devkitpro/portlibs/3ds/lib/libSDL.a(SDL_audiocvt.o)
                0x000000000011168c                SDL_RateMUL2
 .text.SDL_RateMUL2_c2
                0x0000000000111754      0x110 /opt/devkitpro/portlibs/3ds/lib/libSDL.a(SDL_audiocvt.o)
                0x0000000000111754                SDL_RateMUL2_c2
 .text.SDL_RateMUL2_c4
                0x0000000000111864      0x178 /opt/devkitpro/portlibs/3ds/lib/libSDL.a(SDL_audiocvt.o)
                0x0000000000111864                SDL_RateMUL2_c4
 .text.SDL_RateMUL2_c6
                0x00000000001119dc      0x1e0 /opt/devkitpro/portlibs/3ds/lib/libSDL.a(SDL_audiocvt.o)
                0x00000000001119dc                SDL_RateMUL2_c6
 .text.SDL_RateDIV2
                0x0000000000111bbc       0xe8 /opt/devkitpro/portlibs/3ds/lib/libSDL.a(SDL_audiocvt.o)
                0x0000000000111bbc                SDL_RateDIV2
 .text.SDL_RateDIV2_c2
                0x0000000000111ca4       0xf4 /opt/devkitpro/portlibs/3ds/lib/libSDL.a(SDL_audiocvt.o)
                0x0000000000111ca4                SDL_RateDIV2_c2
 .text.SDL_RateDIV2_c4
                0x0000000000111d98      0x11c /opt/devkitpro/portlibs/3ds/lib/libSDL.a(SDL_audiocvt.o)
                0x0000000000111d98                SDL_RateDIV2_c4
 .text.SDL_RateDIV2_c6
                0x0000000000111eb4      0x158 /opt/devkitpro/portlibs/3ds/lib/libSDL.a(SDL_audiocvt.o)
                0x0000000000111eb4                SDL_RateDIV2_c6
 .text.SDL_ConvertAudio
                0x000000000011200c       0x58 /opt/devkitpro/portlibs/3ds/lib/libSDL.a(SDL_audiocvt.o)
                0x000000000011200c                SDL_ConvertAudio
 *fill*         0x0000000000112064        0x4 
 .text.SDL_BuildAudioCVT
                0x0000000000112068      0x5e0 /opt/devkitpro/portlibs/3ds/lib/libSDL.a(SDL_audiocvt.o)
                0x0000000000112068                SDL_BuildAudioCVT
 .text.stdio_write
                0x0000000000112648       0x4c /opt/devkitpro/portlibs/3ds/lib/libSDL.a(SDL_rwops.o)
 .text.stdio_read
                0x0000000000112694       0x4c /opt/devkitpro/portlibs/3ds/lib/libSDL.a(SDL_rwops.o)
 .text.stdio_seek
                0x00000000001126e0       0x34 /opt/devkitpro/portlibs/3ds/lib/libSDL.a(SDL_rwops.o)
 .text.stdio_close
                0x0000000000112714       0x34 /opt/devkitpro/portlibs/3ds/lib/libSDL.a(SDL_rwops.o)
 .text.SDL_RWFromFile
                0x0000000000112748       0xbc /opt/devkitpro/portlibs/3ds/lib/libSDL.a(SDL_rwops.o)
                0x0000000000112748                SDL_RWFromFile
 .text.SDL_FreeRW
                0x0000000000112804        0x4 /opt/devkitpro/portlibs/3ds/lib/libSDL.a(SDL_rwops.o)
                0x0000000000112804                SDL_FreeRW
 .text.SDL_ReadBE16
                0x0000000000112808       0x30 /opt/devkitpro/portlibs/3ds/lib/libSDL.a(SDL_rwops.o)
                0x0000000000112808                SDL_ReadBE16
 .text.SDL_ReadLE32
                0x0000000000112838       0x28 /opt/devkitpro/portlibs/3ds/lib/libSDL.a(SDL_rwops.o)
                0x0000000000112838                SDL_ReadLE32
 .text.SDL_ReadBE32
                0x0000000000112860       0x2c /opt/devkitpro/portlibs/3ds/lib/libSDL.a(SDL_rwops.o)
                0x0000000000112860                SDL_ReadBE32
 .text.SDL_DelThread.part.0
                0x000000000011288c       0xb8 /opt/devkitpro/portlibs/3ds/lib/libSDL.a(SDL_thread.o)
 .text.SDL_GetErrBuf
                0x0000000000112944       0x9c /opt/devkitpro/portlibs/3ds/lib/libSDL.a(SDL_thread.o)
                0x0000000000112944                SDL_GetErrBuf
 .text.SDL_RunThread
                0x00000000001129e0       0x3c /opt/devkitpro/portlibs/3ds/lib/libSDL.a(SDL_thread.o)
                0x00000000001129e0                SDL_RunThread
 .text.SDL_CreateThread
                0x0000000000112a1c      0x184 /opt/devkitpro/portlibs/3ds/lib/libSDL.a(SDL_thread.o)
                0x0000000000112a1c                SDL_CreateThread
 .text.SDL_WaitThread
                0x0000000000112ba0       0x4c /opt/devkitpro/portlibs/3ds/lib/libSDL.a(SDL_thread.o)
                0x0000000000112ba0                SDL_WaitThread
 .text.callback_wrapper
                0x0000000000112bec        0x4 /opt/devkitpro/portlibs/3ds/lib/libSDL.a(SDL_timer.o)
 .text.SDL_AddTimerInternal
                0x0000000000112bf0       0x8c /opt/devkitpro/portlibs/3ds/lib/libSDL.a(SDL_timer.o)
 .text.SDL_SetTimerThreaded
                0x0000000000112c7c       0x44 /opt/devkitpro/portlibs/3ds/lib/libSDL.a(SDL_timer.o)
                0x0000000000112c7c                SDL_SetTimerThreaded
 .text.SDL_ThreadedTimerCheck
                0x0000000000112cc0      0x13c /opt/devkitpro/portlibs/3ds/lib/libSDL.a(SDL_timer.o)
                0x0000000000112cc0                SDL_ThreadedTimerCheck
 .text.SDL_SetTimer
                0x0000000000112dfc      0x154 /opt/devkitpro/portlibs/3ds/lib/libSDL.a(SDL_timer.o)
                0x0000000000112dfc                SDL_SetTimer
 .text.SDL_TimerQuit
                0x0000000000112f50       0x68 /opt/devkitpro/portlibs/3ds/lib/libSDL.a(SDL_timer.o)
                0x0000000000112f50                SDL_TimerQuit
 .text.SDL_TimerInit
                0x0000000000112fb8       0x98 /opt/devkitpro/portlibs/3ds/lib/libSDL.a(SDL_timer.o)
                0x0000000000112fb8                SDL_TimerInit
 .text.SDL_WM_GrabInputRaw
                0x0000000000113050       0x90 /opt/devkitpro/portlibs/3ds/lib/libSDL.a(SDL_video.o)
 .text.SDL_VideoQuit
                0x00000000001130e0      0x118 /opt/devkitpro/portlibs/3ds/lib/libSDL.a(SDL_video.o)
                0x00000000001130e0                SDL_VideoQuit
 .text.SDL_VideoInit
                0x00000000001131f8      0x21c /opt/devkitpro/portlibs/3ds/lib/libSDL.a(SDL_video.o)
                0x00000000001131f8                SDL_VideoInit
 .text.SDL_JoystickClose.part.0
                0x0000000000113414       0xc0 /opt/devkitpro/portlibs/3ds/lib/libSDL.a(SDL_joystick.o)
 .text.SDL_JoystickInit
                0x00000000001134d4       0x68 /opt/devkitpro/portlibs/3ds/lib/libSDL.a(SDL_joystick.o)
                0x00000000001134d4                SDL_JoystickInit
 .text.SDL_JoystickQuit
                0x000000000011353c       0xa0 /opt/devkitpro/portlibs/3ds/lib/libSDL.a(SDL_joystick.o)
                0x000000000011353c                SDL_JoystickQuit
 .text.SDL_PrivateJoystickAxis
                0x00000000001135dc       0x9c /opt/devkitpro/portlibs/3ds/lib/libSDL.a(SDL_joystick.o)
                0x00000000001135dc                SDL_PrivateJoystickAxis
 .text.SDL_PrivateJoystickButton
                0x0000000000113678       0xac /opt/devkitpro/portlibs/3ds/lib/libSDL.a(SDL_joystick.o)
                0x0000000000113678                SDL_PrivateJoystickButton
 .text.SDL_JoystickUpdate
                0x0000000000113724       0x3c /opt/devkitpro/portlibs/3ds/lib/libSDL.a(SDL_joystick.o)
                0x0000000000113724                SDL_JoystickUpdate
 .text.SDL_StartTicks
                0x0000000000113760       0x18 /opt/devkitpro/portlibs/3ds/lib/libSDL.a(SDL_systimer.o)
                0x0000000000113760                SDL_StartTicks
 .text.SDL_GetTicks
                0x0000000000113778       0x68 /opt/devkitpro/portlibs/3ds/lib/libSDL.a(SDL_systimer.o)
                0x0000000000113778                SDL_GetTicks
 .text.SDL_Delay
                0x00000000001137e0       0x10 /opt/devkitpro/portlibs/3ds/lib/libSDL.a(SDL_systimer.o)
                0x00000000001137e0                SDL_Delay
 .text.SDL_SYS_TimerInit
                0x00000000001137f0        0x8 /opt/devkitpro/portlibs/3ds/lib/libSDL.a(SDL_systimer.o)
                0x00000000001137f0                SDL_SYS_TimerInit
 .text.SDL_SYS_TimerQuit
                0x00000000001137f8        0x4 /opt/devkitpro/portlibs/3ds/lib/libSDL.a(SDL_systimer.o)
                0x00000000001137f8                SDL_SYS_TimerQuit
 .text.SDL_SYS_StartTimer
                0x00000000001137fc       0x18 /opt/devkitpro/portlibs/3ds/lib/libSDL.a(SDL_systimer.o)
                0x00000000001137fc                SDL_SYS_StartTimer
 .text.SDL_SYS_StopTimer
                0x0000000000113814        0x4 /opt/devkitpro/portlibs/3ds/lib/libSDL.a(SDL_systimer.o)
                0x0000000000113814                SDL_SYS_StopTimer
 .text.N3DSAUD_Available
                0x0000000000113818        0x8 /opt/devkitpro/portlibs/3ds/lib/libSDL.a(SDL_n3dsaudio.o)
 .text.N3DSAUD_GetAudioBuf
                0x0000000000113820        0xc /opt/devkitpro/portlibs/3ds/lib/libSDL.a(SDL_n3dsaudio.o)
 .text.N3DSAUD_CreateDevice
                0x000000000011382c      0x138 /opt/devkitpro/portlibs/3ds/lib/libSDL.a(SDL_n3dsaudio.o)
 .text.N3DSAUD_DeleteDevice
                0x0000000000113964       0x5c /opt/devkitpro/portlibs/3ds/lib/libSDL.a(SDL_n3dsaudio.o)
 .text.N3DSAUD_UnlockAudio
                0x00000000001139c0        0xc /opt/devkitpro/portlibs/3ds/lib/libSDL.a(SDL_n3dsaudio.o)
 .text.N3DSAUD_LockAudio
                0x00000000001139cc        0xc /opt/devkitpro/portlibs/3ds/lib/libSDL.a(SDL_n3dsaudio.o)
 .text.N3DSAUD_CloseAudio
                0x00000000001139d8       0xc4 /opt/devkitpro/portlibs/3ds/lib/libSDL.a(SDL_n3dsaudio.o)
 .text.audioFrameFinished
                0x0000000000113a9c       0x74 /opt/devkitpro/portlibs/3ds/lib/libSDL.a(SDL_n3dsaudio.o)
 .text.N3DSAUD_PlayAudio
                0x0000000000113b10       0xa8 /opt/devkitpro/portlibs/3ds/lib/libSDL.a(SDL_n3dsaudio.o)
 .text.N3DSAUD_WaitAudio
                0x0000000000113bb8       0x78 /opt/devkitpro/portlibs/3ds/lib/libSDL.a(SDL_n3dsaudio.o)
 .text.N3DSAUD_OpenAudio
                0x0000000000113c30      0x268 /opt/devkitpro/portlibs/3ds/lib/libSDL.a(SDL_n3dsaudio.o)
 .text.N3DSAUD_DspHook
                0x0000000000113e98       0x5c /opt/devkitpro/portlibs/3ds/lib/libSDL.a(SDL_n3dsaudio.o)
 .text.SDL_SYS_JoystickInit
                0x0000000000113ef4       0x14 /opt/devkitpro/portlibs/3ds/lib/libSDL.a(SDL_sysjoystick.o)
                0x0000000000113ef4                SDL_SYS_JoystickInit
 .text.SDL_SYS_JoystickUpdate
                0x0000000000113f08      0x514 /opt/devkitpro/portlibs/3ds/lib/libSDL.a(SDL_sysjoystick.o)
                0x0000000000113f08                SDL_SYS_JoystickUpdate
 .text.SDL_SYS_JoystickClose
                0x000000000011441c        0x4 /opt/devkitpro/portlibs/3ds/lib/libSDL.a(SDL_sysjoystick.o)
                0x000000000011441c                SDL_SYS_JoystickClose
 .text.SDL_SYS_JoystickQuit
                0x0000000000114420        0x4 /opt/devkitpro/portlibs/3ds/lib/libSDL.a(SDL_sysjoystick.o)
                0x0000000000114420                SDL_SYS_JoystickQuit
 .text.SDL_CreateMutex
                0x0000000000114424       0x28 /opt/devkitpro/portlibs/3ds/lib/libSDL.a(SDL_sysmutex.o)
                0x0000000000114424                SDL_CreateMutex
 .text.SDL_DestroyMutex
                0x000000000011444c        0xc /opt/devkitpro/portlibs/3ds/lib/libSDL.a(SDL_sysmutex.o)
                0x000000000011444c                SDL_DestroyMutex
 .text.SDL_mutexP
                0x0000000000114458       0x2c /opt/devkitpro/portlibs/3ds/lib/libSDL.a(SDL_sysmutex.o)
                0x0000000000114458                SDL_mutexP
 .text.SDL_mutexV
                0x0000000000114484       0x2c /opt/devkitpro/portlibs/3ds/lib/libSDL.a(SDL_sysmutex.o)
                0x0000000000114484                SDL_mutexV
 .text.SDL_CreateSemaphore
                0x00000000001144b0       0x34 /opt/devkitpro/portlibs/3ds/lib/libSDL.a(SDL_syssem.o)
                0x00000000001144b0                SDL_CreateSemaphore
 .text.SDL_DestroySemaphore
                0x00000000001144e4        0xc /opt/devkitpro/portlibs/3ds/lib/libSDL.a(SDL_syssem.o)
                0x00000000001144e4                SDL_DestroySemaphore
 .text.SDL_SemWait
                0x00000000001144f0       0x30 /opt/devkitpro/portlibs/3ds/lib/libSDL.a(SDL_syssem.o)
                0x00000000001144f0                SDL_SemWait
 .text.SDL_SemPost
                0x0000000000114520       0x14 /opt/devkitpro/portlibs/3ds/lib/libSDL.a(SDL_syssem.o)
                0x0000000000114520                SDL_SemPost
 .text.ThreadEntry
                0x0000000000114534        0x4 /opt/devkitpro/portlibs/3ds/lib/libSDL.a(SDL_systhread.o)
                0x0000000000114534                ThreadEntry
 .text.SDL_SYS_CreateThread
                0x0000000000114538       0xb0 /opt/devkitpro/portlibs/3ds/lib/libSDL.a(SDL_systhread.o)
                0x0000000000114538                SDL_SYS_CreateThread
 .text.SDL_SYS_SetupThread
                0x00000000001145e8        0x4 /opt/devkitpro/portlibs/3ds/lib/libSDL.a(SDL_systhread.o)
                0x00000000001145e8                SDL_SYS_SetupThread
 .text.SDL_ThreadID
                0x00000000001145ec       0x38 /opt/devkitpro/portlibs/3ds/lib/libSDL.a(SDL_systhread.o)
                0x00000000001145ec                SDL_ThreadID
 .text.SDL_SYS_WaitThread
                0x0000000000114624       0x10 /opt/devkitpro/portlibs/3ds/lib/libSDL.a(SDL_systhread.o)
                0x0000000000114624                SDL_SYS_WaitThread
 .text.N3DS_Available
                0x0000000000114634        0x8 /opt/devkitpro/portlibs/3ds/lib/libSDL.a(SDL_n3dsvideo.o)
 .text.N3DS_ListModes
                0x000000000011463c        0x8 /opt/devkitpro/portlibs/3ds/lib/libSDL.a(SDL_n3dsvideo.o)
 .text.N3DS_AllocHWSurface
                0x0000000000114644        0x8 /opt/devkitpro/portlibs/3ds/lib/libSDL.a(SDL_n3dsvideo.o)
 .text.N3DS_LockHWSurface
                0x000000000011464c        0x8 /opt/devkitpro/portlibs/3ds/lib/libSDL.a(SDL_n3dsvideo.o)
 .text.N3DS_UnlockHWSurface
                0x0000000000114654        0x4 /opt/devkitpro/portlibs/3ds/lib/libSDL.a(SDL_n3dsvideo.o)
 .text.N3DS_SetColors
                0x0000000000114658       0x64 /opt/devkitpro/portlibs/3ds/lib/libSDL.a(SDL_n3dsvideo.o)
 .text.N3DS_CreateDevice
                0x00000000001146bc      0x110 /opt/devkitpro/portlibs/3ds/lib/libSDL.a(SDL_n3dsvideo.o)
 .text.N3DS_DeleteDevice
                0x00000000001147cc       0x24 /opt/devkitpro/portlibs/3ds/lib/libSDL.a(SDL_n3dsvideo.o)
 .text.N3DS_VideoInit
                0x00000000001147f0       0x48 /opt/devkitpro/portlibs/3ds/lib/libSDL.a(SDL_n3dsvideo.o)
 .text.N3DS_FlipHWSurface.part.0
                0x0000000000114838      0x174 /opt/devkitpro/portlibs/3ds/lib/libSDL.a(SDL_n3dsvideo.o)
 .text.N3DS_FlipHWSurface
                0x00000000001149ac       0x24 /opt/devkitpro/portlibs/3ds/lib/libSDL.a(SDL_n3dsvideo.o)
 .text.N3DS_UpdateRects
                0x00000000001149d0       0x20 /opt/devkitpro/portlibs/3ds/lib/libSDL.a(SDL_n3dsvideo.o)
 .text.N3DS_FreeHWSurface
                0x00000000001149f0        0x4 /opt/devkitpro/portlibs/3ds/lib/libSDL.a(SDL_n3dsvideo.o)
 .text.N3DS_VideoQuit
                0x00000000001149f4       0xec /opt/devkitpro/portlibs/3ds/lib/libSDL.a(SDL_n3dsvideo.o)
 .text.N3DS_SetScaling
                0x0000000000114ae0       0xac /opt/devkitpro/portlibs/3ds/lib/libSDL.a(SDL_n3dsvideo.o)
                0x0000000000114ae0                N3DS_SetScaling
 .text.N3DS_SetVideoMode
                0x0000000000114b8c      0x89c /opt/devkitpro/portlibs/3ds/lib/libSDL.a(SDL_n3dsvideo.o)
 .text.N3DS_ToggleFullScreen
                0x0000000000115428       0x3c /opt/devkitpro/portlibs/3ds/lib/libSDL.a(SDL_n3dsvideo.o)
                0x0000000000115428                N3DS_ToggleFullScreen
 .text.drawTexture
                0x0000000000115464      0x114 /opt/devkitpro/portlibs/3ds/lib/libSDL.a(SDL_n3dsvideo.o)
                0x0000000000115464                drawTexture
 .text.videoThread
                0x0000000000115578      0x2dc /opt/devkitpro/portlibs/3ds/lib/libSDL.a(SDL_n3dsvideo.o)
 .text.SDL_GobbleEvents
                0x0000000000115854       0xec /opt/devkitpro/portlibs/3ds/lib/libSDL.a(SDL_events.o)
 .text.SDL_Lock_EventThread
                0x0000000000115940       0x64 /opt/devkitpro/portlibs/3ds/lib/libSDL.a(SDL_events.o)
                0x0000000000115940                SDL_Lock_EventThread
 .text.SDL_Unlock_EventThread
                0x00000000001159a4       0x44 /opt/devkitpro/portlibs/3ds/lib/libSDL.a(SDL_events.o)
                0x00000000001159a4                SDL_Unlock_EventThread
 .text.SDL_StopEventLoop
                0x00000000001159e8       0x78 /opt/devkitpro/portlibs/3ds/lib/libSDL.a(SDL_events.o)
                0x00000000001159e8                SDL_StopEventLoop
 .text.SDL_StartEventLoop
                0x0000000000115a60      0x120 /opt/devkitpro/portlibs/3ds/lib/libSDL.a(SDL_events.o)
                0x0000000000115a60                SDL_StartEventLoop
 .text.SDL_PeepEvents
                0x0000000000115b80      0x21c /opt/devkitpro/portlibs/3ds/lib/libSDL.a(SDL_events.o)
                0x0000000000115b80                SDL_PeepEvents
 .text.SDL_PushEvent
                0x0000000000115d9c       0x28 /opt/devkitpro/portlibs/3ds/lib/libSDL.a(SDL_events.o)
                0x0000000000115d9c                SDL_PushEvent
 .text.SDL_KeyboardInit
                0x0000000000115dc4      0xb98 /opt/devkitpro/portlibs/3ds/lib/libSDL.a(SDL_keyboard.o)
                0x0000000000115dc4                SDL_KeyboardInit
 .text.SDL_KeyboardQuit
                0x000000000011695c        0x4 /opt/devkitpro/portlibs/3ds/lib/libSDL.a(SDL_keyboard.o)
                0x000000000011695c                SDL_KeyboardQuit
 .text.SDL_CheckKeyRepeat
                0x0000000000116960       0x8c /opt/devkitpro/portlibs/3ds/lib/libSDL.a(SDL_keyboard.o)
                0x0000000000116960                SDL_CheckKeyRepeat
 .text.ClipOffset
                0x00000000001169ec       0x78 /opt/devkitpro/portlibs/3ds/lib/libSDL.a(SDL_mouse.o)
 .text.SDL_MouseInit
                0x0000000000116a64       0x60 /opt/devkitpro/portlibs/3ds/lib/libSDL.a(SDL_mouse.o)
                0x0000000000116a64                SDL_MouseInit
 .text.SDL_MouseQuit
                0x0000000000116ac4        0x4 /opt/devkitpro/portlibs/3ds/lib/libSDL.a(SDL_mouse.o)
                0x0000000000116ac4                SDL_MouseQuit
 .text.SDL_GetMouseState
                0x0000000000116ac8       0x38 /opt/devkitpro/portlibs/3ds/lib/libSDL.a(SDL_mouse.o)
                0x0000000000116ac8                SDL_GetMouseState
 .text.SDL_PrivateMouseMotion
                0x0000000000116b00      0x1c4 /opt/devkitpro/portlibs/3ds/lib/libSDL.a(SDL_mouse.o)
                0x0000000000116b00                SDL_PrivateMouseMotion
 .text.SDL_PrivateMouseButton
                0x0000000000116cc4      0x210 /opt/devkitpro/portlibs/3ds/lib/libSDL.a(SDL_mouse.o)
                0x0000000000116cc4                SDL_PrivateMouseButton
 .text.SDL_HandleSIG
                0x0000000000116ed4       0x70 /opt/devkitpro/portlibs/3ds/lib/libSDL.a(SDL_quit.o)
 .text.SDL_QuitInit
                0x0000000000116f44       0x48 /opt/devkitpro/portlibs/3ds/lib/libSDL.a(SDL_quit.o)
                0x0000000000116f44                SDL_QuitInit
 .text.SDL_QuitQuit
                0x0000000000116f8c       0x50 /opt/devkitpro/portlibs/3ds/lib/libSDL.a(SDL_quit.o)
                0x0000000000116f8c                SDL_QuitQuit
 .text.SDL_MouseRect
                0x0000000000116fdc       0xd0 /opt/devkitpro/portlibs/3ds/lib/libSDL.a(SDL_cursor.o)
                0x0000000000116fdc                SDL_MouseRect
 .text.SDL_DrawCursorNoLock
                0x00000000001170ac      0x6d8 /opt/devkitpro/portlibs/3ds/lib/libSDL.a(SDL_cursor.o)
                0x00000000001170ac                SDL_DrawCursorNoLock
 .text.SDL_DrawCursor
                0x0000000000117784       0xc0 /opt/devkitpro/portlibs/3ds/lib/libSDL.a(SDL_cursor.o)
                0x0000000000117784                SDL_DrawCursor
 .text.SDL_EraseCursorNoLock
                0x0000000000117844      0x188 /opt/devkitpro/portlibs/3ds/lib/libSDL.a(SDL_cursor.o)
                0x0000000000117844                SDL_EraseCursorNoLock
 .text.SDL_EraseCursor
                0x00000000001179cc       0xc0 /opt/devkitpro/portlibs/3ds/lib/libSDL.a(SDL_cursor.o)
                0x00000000001179cc                SDL_EraseCursor
 .text.SDL_SetCursor
                0x0000000000117a8c      0x1d0 /opt/devkitpro/portlibs/3ds/lib/libSDL.a(SDL_cursor.o)
                0x0000000000117a8c                SDL_SetCursor
 .text.SDL_FreeCursor
                0x0000000000117c5c       0xa8 /opt/devkitpro/portlibs/3ds/lib/libSDL.a(SDL_cursor.o)
                0x0000000000117c5c                SDL_FreeCursor
 .text.SDL_CursorQuit
                0x0000000000117d04       0x98 /opt/devkitpro/portlibs/3ds/lib/libSDL.a(SDL_cursor.o)
                0x0000000000117d04                SDL_CursorQuit
 .text.SDL_CreateCursor
                0x0000000000117d9c      0x1b0 /opt/devkitpro/portlibs/3ds/lib/libSDL.a(SDL_cursor.o)
                0x0000000000117d9c                SDL_CreateCursor
 .text.SDL_CursorInit
                0x0000000000117f4c       0x90 /opt/devkitpro/portlibs/3ds/lib/libSDL.a(SDL_cursor.o)
                0x0000000000117f4c                SDL_CursorInit
 .text.SDL_MoveCursor
                0x0000000000117fdc       0xb8 /opt/devkitpro/portlibs/3ds/lib/libSDL.a(SDL_cursor.o)
                0x0000000000117fdc                SDL_MoveCursor
 .text.SDL_FormatChanged
                0x0000000000118094       0x54 /opt/devkitpro/portlibs/3ds/lib/libSDL.a(SDL_pixels.o)
                0x0000000000118094                SDL_FormatChanged
 .text.SDL_FreeFormat
                0x00000000001180e8       0x40 /opt/devkitpro/portlibs/3ds/lib/libSDL.a(SDL_pixels.o)
                0x00000000001180e8                SDL_FreeFormat
 .text.SDL_AllocFormat
                0x0000000000118128      0x4e0 /opt/devkitpro/portlibs/3ds/lib/libSDL.a(SDL_pixels.o)
                0x0000000000118128                SDL_AllocFormat
 .text.SDL_ReallocFormat
                0x0000000000118608      0x100 /opt/devkitpro/portlibs/3ds/lib/libSDL.a(SDL_pixels.o)
                0x0000000000118608                SDL_ReallocFormat
 .text.SDL_CalculatePitch
                0x0000000000118708       0x54 /opt/devkitpro/portlibs/3ds/lib/libSDL.a(SDL_pixels.o)
                0x0000000000118708                SDL_CalculatePitch
 .text.SDL_FindColor
                0x000000000011875c       0x7c /opt/devkitpro/portlibs/3ds/lib/libSDL.a(SDL_pixels.o)
                0x000000000011875c                SDL_FindColor
 .text.SDL_MapRGB
                0x00000000001187d8       0x64 /opt/devkitpro/portlibs/3ds/lib/libSDL.a(SDL_pixels.o)
                0x00000000001187d8                SDL_MapRGB
 .text.SDL_AllocBlitMap
                0x000000000011883c       0x5c /opt/devkitpro/portlibs/3ds/lib/libSDL.a(SDL_pixels.o)
                0x000000000011883c                SDL_AllocBlitMap
 .text.SDL_FreeBlitMap
                0x0000000000118898       0x38 /opt/devkitpro/portlibs/3ds/lib/libSDL.a(SDL_pixels.o)
                0x0000000000118898                SDL_FreeBlitMap
 .text.SDL_LockSurface
                0x00000000001188d0       0x94 /opt/devkitpro/portlibs/3ds/lib/libSDL.a(SDL_surface.o)
                0x00000000001188d0                SDL_LockSurface
 .text.SDL_UnlockSurface
                0x0000000000118964       0x64 /opt/devkitpro/portlibs/3ds/lib/libSDL.a(SDL_surface.o)
                0x0000000000118964                SDL_UnlockSurface
 .text.SDL_FillRect
                0x00000000001189c8      0x480 /opt/devkitpro/portlibs/3ds/lib/libSDL.a(SDL_surface.o)
                0x00000000001189c8                SDL_FillRect
 .text.SDL_FreeSurface
                0x0000000000118e48      0x150 /opt/devkitpro/portlibs/3ds/lib/libSDL.a(SDL_surface.o)
                0x0000000000118e48                SDL_FreeSurface
 .text.SDL_CreateRGBSurface
                0x0000000000118f98      0x294 /opt/devkitpro/portlibs/3ds/lib/libSDL.a(SDL_surface.o)
                0x0000000000118f98                SDL_CreateRGBSurface
 .text.N3DS_PumpEvents
                0x000000000011922c      0x190 /opt/devkitpro/portlibs/3ds/lib/libSDL.a(SDL_n3dsevents.o)
                0x000000000011922c                N3DS_PumpEvents
 .text.N3DS_InitOSKeymap
                0x00000000001193bc        0x4 /opt/devkitpro/portlibs/3ds/lib/libSDL.a(SDL_n3dsevents.o)
                0x00000000001193bc                N3DS_InitOSKeymap
 .text.SDL_AppActiveInit
                0x00000000001193c0       0x18 /opt/devkitpro/portlibs/3ds/lib/libSDL.a(SDL_active.o)
                0x00000000001193c0                SDL_AppActiveInit
 .text.SDL_AppActiveQuit
                0x00000000001193d8        0x4 /opt/devkitpro/portlibs/3ds/lib/libSDL.a(SDL_active.o)
                0x00000000001193d8                SDL_AppActiveQuit
 .text.copy_opaque_16
                0x00000000001193dc      0x104 /opt/devkitpro/portlibs/3ds/lib/libSDL.a(SDL_RLEaccel.o)
 .text.uncopy_opaque_16
                0x00000000001194e0      0x120 /opt/devkitpro/portlibs/3ds/lib/libSDL.a(SDL_RLEaccel.o)
 .text.copy_transl_565
                0x0000000000119600       0xfc /opt/devkitpro/portlibs/3ds/lib/libSDL.a(SDL_RLEaccel.o)
 .text.copy_transl_555
                0x00000000001196fc       0xfc /opt/devkitpro/portlibs/3ds/lib/libSDL.a(SDL_RLEaccel.o)
 .text.uncopy_transl_16
                0x00000000001197f8      0x124 /opt/devkitpro/portlibs/3ds/lib/libSDL.a(SDL_RLEaccel.o)
 .text.copy_32  0x000000000011991c       0xdc /opt/devkitpro/portlibs/3ds/lib/libSDL.a(SDL_RLEaccel.o)
 .text.uncopy_32
                0x00000000001199f8      0x110 /opt/devkitpro/portlibs/3ds/lib/libSDL.a(SDL_RLEaccel.o)
 .text.getpix_8
                0x0000000000119b08        0x8 /opt/devkitpro/portlibs/3ds/lib/libSDL.a(SDL_RLEaccel.o)
 .text.getpix_16
                0x0000000000119b10        0x8 /opt/devkitpro/portlibs/3ds/lib/libSDL.a(SDL_RLEaccel.o)
 .text.getpix_24
                0x0000000000119b18       0x18 /opt/devkitpro/portlibs/3ds/lib/libSDL.a(SDL_RLEaccel.o)
 .text.getpix_32
                0x0000000000119b30        0x8 /opt/devkitpro/portlibs/3ds/lib/libSDL.a(SDL_RLEaccel.o)
 .text.SDL_RLEBlit
                0x0000000000119b38     0x23ec /opt/devkitpro/portlibs/3ds/lib/libSDL.a(SDL_RLEaccel.o)
                0x0000000000119b38                SDL_RLEBlit
 .text.SDL_UnRLESurface
                0x000000000011bf24      0x248 /opt/devkitpro/portlibs/3ds/lib/libSDL.a(SDL_RLEaccel.o)
                0x000000000011bf24                SDL_UnRLESurface
 .text.SDL_RLESurface
                0x000000000011c16c      0xd84 /opt/devkitpro/portlibs/3ds/lib/libSDL.a(SDL_RLEaccel.o)
                0x000000000011c16c                SDL_RLESurface
 .text._Eff_PositionDeinit
                0x000000000011cef0       0x68 /opt/devkitpro/portlibs/3ds/lib/libSDL_mixer.a(effect_position.o)
                0x000000000011cef0                _Eff_PositionDeinit
 .text._Mix_InitEffects
                0x000000000011cf58       0x28 /opt/devkitpro/portlibs/3ds/lib/libSDL_mixer.a(effects_internal.o)
                0x000000000011cf58                _Mix_InitEffects
 .text._Mix_DeinitEffects
                0x000000000011cf80        0x4 /opt/devkitpro/portlibs/3ds/lib/libSDL_mixer.a(effects_internal.o)
                0x000000000011cf80                _Mix_DeinitEffects
 .text._Mix_remove_all_effects
                0x000000000011cf84       0x58 /opt/devkitpro/portlibs/3ds/lib/libSDL_mixer.a(mixer.o)
 .text.Mix_DoEffects
                0x000000000011cfdc       0xac /opt/devkitpro/portlibs/3ds/lib/libSDL_mixer.a(mixer.o)
 .text.Mix_Init
                0x000000000011d088       0xd4 /opt/devkitpro/portlibs/3ds/lib/libSDL_mixer.a(mixer.o)
                0x000000000011d088                Mix_Init
 .text.Mix_Quit
                0x000000000011d15c       0x5c /opt/devkitpro/portlibs/3ds/lib/libSDL_mixer.a(mixer.o)
                0x000000000011d15c                Mix_Quit
 .text.Mix_Volume
                0x000000000011d1b8       0x98 /opt/devkitpro/portlibs/3ds/lib/libSDL_mixer.a(mixer.o)
                0x000000000011d1b8                Mix_Volume
 .text.mix_channels
                0x000000000011d250      0x470 /opt/devkitpro/portlibs/3ds/lib/libSDL_mixer.a(mixer.o)
 .text.Mix_HaltChannel
                0x000000000011d6c0       0xf4 /opt/devkitpro/portlibs/3ds/lib/libSDL_mixer.a(mixer.o)
                0x000000000011d6c0                Mix_HaltChannel
 .text.Mix_CloseAudio
                0x000000000011d7b4      0x12c /opt/devkitpro/portlibs/3ds/lib/libSDL_mixer.a(mixer.o)
                0x000000000011d7b4                Mix_CloseAudio
 .text.Mix_OpenAudio
                0x000000000011d8e0      0x258 /opt/devkitpro/portlibs/3ds/lib/libSDL_mixer.a(mixer.o)
                0x000000000011d8e0                Mix_OpenAudio
 .text.music_internal_volume
                0x000000000011db38       0x88 /opt/devkitpro/portlibs/3ds/lib/libSDL_mixer.a(music.o)
 .text.music_internal_halt
                0x000000000011dbc0       0xa0 /opt/devkitpro/portlibs/3ds/lib/libSDL_mixer.a(music.o)
 .text.music_internal_position
                0x000000000011dc60       0x70 /opt/devkitpro/portlibs/3ds/lib/libSDL_mixer.a(music.o)
 .text.music_internal_playing
                0x000000000011dcd0       0xd4 /opt/devkitpro/portlibs/3ds/lib/libSDL_mixer.a(music.o)
 .text.detect_music_type
                0x000000000011dda4      0x1c8 /opt/devkitpro/portlibs/3ds/lib/libSDL_mixer.a(music.o)
 *fill*         0x000000000011df6c        0x4 
 .text.music_internal_play
                0x000000000011df70      0x164 /opt/devkitpro/portlibs/3ds/lib/libSDL_mixer.a(music.o)
 *fill*         0x000000000011e0d4        0x4 
 .text.music_halt_or_loop.isra.0
                0x000000000011e0d8       0x7c /opt/devkitpro/portlibs/3ds/lib/libSDL_mixer.a(music.o)
 .text.music_mixer
                0x000000000011e154      0x1f0 /opt/devkitpro/portlibs/3ds/lib/libSDL_mixer.a(music.o)
                0x000000000011e154                music_mixer
 *fill*         0x000000000011e344        0x4 
 .text.open_music
                0x000000000011e348      0x280 /opt/devkitpro/portlibs/3ds/lib/libSDL_mixer.a(music.o)
                0x000000000011e348                open_music
 .text.MIX_string_equals
                0x000000000011e5c8       0x8c /opt/devkitpro/portlibs/3ds/lib/libSDL_mixer.a(music.o)
                0x000000000011e5c8                MIX_string_equals
 .text.Mix_LoadMUSType_RW
                0x000000000011e654      0x234 /opt/devkitpro/portlibs/3ds/lib/libSDL_mixer.a(music.o)
                0x000000000011e654                Mix_LoadMUSType_RW
 .text.Mix_LoadMUS
                0x000000000011e888      0x1bc /opt/devkitpro/portlibs/3ds/lib/libSDL_mixer.a(music.o)
                0x000000000011e888                Mix_LoadMUS
 .text.Mix_FadeInMusicPos
                0x000000000011ea44      0x10c /opt/devkitpro/portlibs/3ds/lib/libSDL_mixer.a(music.o)
                0x000000000011ea44                Mix_FadeInMusicPos